Archive member included because of file (symbol)

contiki-z1.a(er-coap.o)       er-example-client.co (coap_init_message)
contiki-z1.a(er-coap-engine.)
                              er-example-client.co (coap_init_engine)
contiki-z1.a(er-coap-transac)
                              contiki-z1.a(er-coap-engine.) (coap_register_as_transaction_handler)
contiki-z1.a(er-coap-observe)
                              contiki-z1.a(er-coap-transac) (coap_remove_observer_by_client)
contiki-z1.a(er-coap-separat)
                              obj_z1/res-separate.o (coap_separate_reject)
contiki-z1.a(er-coap-res-wel)
                              contiki-z1.a(er-coap-engine.) (res_well_known_core)
contiki-z1.a(er-cocoa.o)      contiki-z1.a(er-coap-transac) (countTransactionsForAddress)
contiki-z1.a(rest-engine.o)   contiki-z1.a(er-coap-engine.) (rest_activate_resource)
contiki-z1.a(contiki-z1-plat)
                              obj_z1/contiki-z1-main.o (init_platform)
contiki-z1.a(msp430.o)        obj_z1/contiki-z1-main.o (splhigh_)
contiki-z1.a(leds.o)          obj_z1/contiki-z1-main.o (leds_init)
contiki-z1.a(watchdog.o)      obj_z1/contiki-z1-main.o (watchdog_start)
contiki-z1.a(xmem.o)          obj_z1/contiki-z1-main.o (xmem_init)
contiki-z1.a(spi.o)           contiki-z1.a(xmem.o) (spi_init)
contiki-z1.a(cc2420.o)        obj_z1/contiki-z1-main.o (cc2420_set_pan_addr)
contiki-z1.a(cc2420-arch.o)   contiki-z1.a(cc2420.o) (cc2420_arch_init)
contiki-z1.a(node-id.o)       obj_z1/contiki-z1-main.o (node_id_restore)
contiki-z1.a(sensors.o)       er-example-client.co (sensors_event)
contiki-z1.a(button-sensor.o)
                              er-example-client.co (button_sensor)
contiki-z1.a(radio-sensor.o)  obj_z1/res-radio.o (radio_sensor)
contiki-z1.a(uart0.o)         obj_z1/contiki-z1-main.o (uart0_active)
contiki-z1.a(uart0-putchar.o)
                              obj_z1/res-b1-sep-b2.o (putchar)
contiki-z1.a(battery-sensor.)
                              obj_z1/res-battery.o (battery_sensor)
contiki-z1.a(sky-sensors.o)   contiki-z1.a(battery-sensor.) (sky_sensors_status)
contiki-z1.a(adxl345.o)       obj_z1/contiki-z1-main.o (accm_init)
contiki-z1.a(clock.o)         contiki-z1.a(er-coap-transac) (clock_time)
contiki-z1.a(leds-arch.o)     contiki-z1.a(leds.o) (leds_arch_init)
contiki-z1.a(rtimer-arch.o)   obj_z1/contiki-z1-main.o (rtimer_arch_now)
contiki-z1.a(autostart.o)     obj_z1/contiki-z1-main.o (autostart_start)
contiki-z1.a(ctimer.o)        obj_z1/contiki-z1-main.o (ctimer_init)
contiki-z1.a(energest.o)      obj_z1/contiki-z1-main.o (energest_init)
contiki-z1.a(etimer.o)        contiki-z1.a(clock.o) (etimer_request_poll)
contiki-z1.a(process.o)       contiki-z1.a(er-coap-engine.) (process_current)
contiki-z1.a(rtimer.o)        obj_z1/contiki-z1-main.o (rtimer_init)
contiki-z1.a(timer.o)         contiki-z1.a(button-sensor.o) (timer_set)
contiki-z1.a(list.o)          contiki-z1.a(rest-engine.o) (list_init)
contiki-z1.a(memb.o)          contiki-z1.a(er-coap-transac) (memb_alloc)
contiki-z1.a(random.o)        contiki-z1.a(er-coap.o) (random_rand)
contiki-z1.a(uip-ds6.o)       obj_z1/contiki-z1-main.o (uip_ds6_get_link_local)
contiki-z1.a(uip-ds6-route.o)
                              contiki-z1.a(uip-ds6.o) (uip_ds6_route_init)
contiki-z1.a(uip6.o)          contiki-z1.a(er-coap-engine.) (uip_aligned_buf)
contiki-z1.a(uip-ds6-nbr.o)   contiki-z1.a(uip-ds6.o) (uip_ds6_neighbors_init)
contiki-z1.a(uip-nd6.o)       contiki-z1.a(uip-ds6-nbr.o) (uip_nd6_ns_output)
contiki-z1.a(sicslowpan.o)    obj_z1/contiki-z1-main.o (sicslowpan_driver)
contiki-z1.a(uip-debug.o)     contiki-z1.a(uip-ds6-route.o) (uip_debug_ipaddr_print)
contiki-z1.a(uip-udp-packet.)
                              contiki-z1.a(er-coap.o) (uip_udp_packet_send)
contiki-z1.a(tcpip.o)         contiki-z1.a(sicslowpan.o) (tcpip_set_outputfunc)
contiki-z1.a(rpl-dag.o)       contiki-z1.a(tcpip.o) (rpl_repair_root)
contiki-z1.a(rpl-timers.o)    contiki-z1.a(rpl-dag.o) (rpl_reset_dio_timer)
contiki-z1.a(rpl-ext-header.)
                              contiki-z1.a(uip6.o) (rpl_verify_header)
contiki-z1.a(rpl.o)           contiki-z1.a(rpl-timers.o) (rpl_get_mode)
contiki-z1.a(rpl-mrhof.o)     contiki-z1.a(rpl-dag.o) (rpl_mrhof)
contiki-z1.a(queuebuf.o)      obj_z1/contiki-z1-main.o (queuebuf_init)
contiki-z1.a(nbr-table.o)     contiki-z1.a(uip-ds6-route.o) (nbr_table_register)
contiki-z1.a(packetbuf.o)     contiki-z1.a(queuebuf.o) (packetbuf_copyto)
contiki-z1.a(linkaddr.o)      obj_z1/contiki-z1-main.o (linkaddr_copy)
contiki-z1.a(nullmac.o)       obj_z1/contiki-z1-main.o (nullmac_driver)
contiki-z1.a(nullrdc.o)       obj_z1/contiki-z1-main.o (nullrdc_driver)
contiki-z1.a(framer-802154.o)
                              contiki-z1.a(sicslowpan.o) (framer_802154)
contiki-z1.a(frame802154.o)   contiki-z1.a(framer-802154.o) (frame802154_hdrlen)
contiki-z1.a(mac.o)           contiki-z1.a(nullrdc.o) (mac_call_sent_callback)
[...]
Memory Configuration

Name             Origin             Length             Attributes
sfr              0x0000000000000000 0x0000000000000010
peripheral_8bit  0x0000000000000010 0x00000000000000f0
peripheral_16bit 0x0000000000000100 0x0000000000000100
ram_mirror       0x0000000000000200 0x0000000000000800 xw
infomem          0x0000000000001000 0x0000000000000100
infod            0x0000000000001000 0x0000000000000040
infoc            0x0000000000001040 0x0000000000000040
infob            0x0000000000001080 0x0000000000000040
infoa            0x00000000000010c0 0x0000000000000040
ram              0x0000000000001100 0x0000000000002000 xw
rom              0x0000000000003100 0x000000000000cebe xr
vectors          0x000000000000ffc0 0x0000000000000040
far_rom          0x0000000000010000 0x000000000000a000
bsl              0x0000000000000000 0x0000000000000000
ram2             0x0000000000000000 0x0000000000000000 xw
usbram           0x0000000000000000 0x0000000000000000 xw
*default*        0x0000000000000000 0xffffffffffffffff

Linker script and memory map

LOAD /usr/lib/gcc/msp430/4.6.3/mcpu-430x/mmpy-16/crt0ivtbl32.o
                0x0000000000000041                __P1SEL2 = 0x41
                0x0000000000000045                __P5SEL2 = 0x45
LOAD er-example-client.co
LOAD obj_z1/res-event.o
LOAD obj_z1/res-leds.o
LOAD obj_z1/res-radio.o
LOAD obj_z1/res-b1-sep-b2.o
LOAD obj_z1/res-separate.o
LOAD obj_z1/res-sht11.o
LOAD obj_z1/res-light.o
LOAD obj_z1/res-push.o
LOAD obj_z1/res-sub.o
LOAD obj_z1/res-battery.o
LOAD obj_z1/res-chunks.o
LOAD obj_z1/res-mirror.o
LOAD obj_z1/res-toggle.o
LOAD obj_z1/res-hello.o
LOAD obj_z1/contiki-z1-main.o
LOAD contiki-z1.a
LOAD /usr/lib/gcc/msp430/4.6.3/../../../../msp430/lib/mcpu-430x/mmpy-16/libm.a
LOAD /usr/lib/gcc/msp430/4.6.3/../../../../msp430/lib/mcpu-430x/mmpy-16/libm.a
LOAD /usr/lib/gcc/msp430/4.6.3/../../../../msp430/lib/mcpu-430x/mmpy-16/libm.a
LOAD /usr/lib/gcc/msp430/4.6.3/../../../../msp430/lib/mcpu-430x/mmpy-16/libm.a
LOAD /usr/lib/gcc/msp430/4.6.3/mcpu-430x/mmpy-16/libgcc.a
LOAD /usr/lib/gcc/msp430/4.6.3/../../../../msp430/lib/mcpu-430x/mmpy-16/libc.a
LOAD /usr/lib/gcc/msp430/4.6.3/mcpu-430x/mmpy-16/libgcc.a
LOAD /usr/lib/gcc/msp430/4.6.3/mcpu-430x/mmpy-16/libcrt0.a
                0x0000000000000040                PROVIDE (__info_segment_size, 0x40)
                0x0000000000001000                PROVIDE (__infod, 0x1000)
                0x0000000000001040                PROVIDE (__infoc, 0x1040)
                0x0000000000001080                PROVIDE (__infob, 0x1080)
                0x00000000000010c0                PROVIDE (__infoa, 0x10c0)
                0x0000000000000000                __IE1 = 0x0
                0x0000000000000002                __IFG1 = 0x2
                0x0000000000000001                __IE2 = 0x1
                0x0000000000000003                __IFG2 = 0x3
                0x0000000000000006                __UC1IE = 0x6
                0x0000000000000007                __UC1IFG = 0x7
                0x00000000000001a0                __ADC12CTL0 = 0x1a0
                0x00000000000001a2                __ADC12CTL1 = 0x1a2
                0x00000000000001a4                __ADC12IFG = 0x1a4
                0x00000000000001a6                __ADC12IE = 0x1a6
                0x00000000000001a8                __ADC12IV = 0x1a8
                0x0000000000000140                __ADC12MEM0 = 0x140
                0x0000000000000142                __ADC12MEM1 = 0x142
                0x0000000000000144                __ADC12MEM2 = 0x144
                0x0000000000000146                __ADC12MEM3 = 0x146
                0x0000000000000148                __ADC12MEM4 = 0x148
                0x000000000000014a                __ADC12MEM5 = 0x14a
                0x000000000000014c                __ADC12MEM6 = 0x14c
                0x000000000000014e                __ADC12MEM7 = 0x14e
                0x0000000000000150                __ADC12MEM8 = 0x150
                0x0000000000000152                __ADC12MEM9 = 0x152
                0x0000000000000154                __ADC12MEM10 = 0x154
                0x0000000000000156                __ADC12MEM11 = 0x156
                0x0000000000000158                __ADC12MEM12 = 0x158
                0x000000000000015a                __ADC12MEM13 = 0x15a
                0x000000000000015c                __ADC12MEM14 = 0x15c
                0x000000000000015e                __ADC12MEM15 = 0x15e
                0x0000000000000080                __ADC12MCTL0 = 0x80
                0x0000000000000081                __ADC12MCTL1 = 0x81
                0x0000000000000082                __ADC12MCTL2 = 0x82
                0x0000000000000083                __ADC12MCTL3 = 0x83
                0x0000000000000084                __ADC12MCTL4 = 0x84
                0x0000000000000085                __ADC12MCTL5 = 0x85
                0x0000000000000086                __ADC12MCTL6 = 0x86
                0x0000000000000087                __ADC12MCTL7 = 0x87
                0x0000000000000088                __ADC12MCTL8 = 0x88
                0x0000000000000089                __ADC12MCTL9 = 0x89
                0x000000000000008a                __ADC12MCTL10 = 0x8a
                0x000000000000008b                __ADC12MCTL11 = 0x8b
                0x000000000000008c                __ADC12MCTL12 = 0x8c
                0x000000000000008d                __ADC12MCTL13 = 0x8d
                0x000000000000008e                __ADC12MCTL14 = 0x8e
                0x000000000000008f                __ADC12MCTL15 = 0x8f
                0x0000000000000056                __DCOCTL = 0x56
                0x0000000000000057                __BCSCTL1 = 0x57
                0x0000000000000058                __BCSCTL2 = 0x58
                0x0000000000000053                __BCSCTL3 = 0x53
                0x0000000000000059                __CACTL1 = 0x59
                0x000000000000005a                __CACTL2 = 0x5a
                0x000000000000005b                __CAPD = 0x5b
                0x00000000000001c0                __DAC12_0CTL = 0x1c0
                0x00000000000001c2                __DAC12_1CTL = 0x1c2
                0x00000000000001c8                __DAC12_0DAT = 0x1c8
                0x00000000000001ca                __DAC12_1DAT = 0x1ca
                0x0000000000000122                __DMACTL0 = 0x122
                0x0000000000000124                __DMACTL1 = 0x124
                0x0000000000000126                __DMAIV = 0x126
                0x00000000000001d0                __DMA0CTL = 0x1d0
                0x00000000000001dc                __DMA1CTL = 0x1dc
                0x00000000000001e8                __DMA2CTL = 0x1e8
                0x00000000000001d2                __DMA0SA = 0x1d2
                0x00000000000001d2                __DMA0SAL = 0x1d2
                0x00000000000001d6                __DMA0DA = 0x1d6
                0x00000000000001d6                __DMA0DAL = 0x1d6
                0x00000000000001da                __DMA0SZ = 0x1da
                0x00000000000001de                __DMA1SA = 0x1de
                0x00000000000001de                __DMA1SAL = 0x1de
                0x00000000000001e2                __DMA1DA = 0x1e2
                0x00000000000001e2                __DMA1DAL = 0x1e2
                0x00000000000001e6                __DMA1SZ = 0x1e6
                0x00000000000001ea                __DMA2SA = 0x1ea
                0x00000000000001ea                __DMA2SAL = 0x1ea
                0x00000000000001ee                __DMA2DA = 0x1ee
                0x00000000000001ee                __DMA2DAL = 0x1ee
                0x00000000000001f2                __DMA2SZ = 0x1f2
                0x0000000000000128                __FCTL1 = 0x128
                0x000000000000012a                __FCTL2 = 0x12a
                0x000000000000012c                __FCTL3 = 0x12c
                0x00000000000001be                __FCTL4 = 0x1be
                0x0000000000000130                __MPY = 0x130
                0x0000000000000132                __MPYS = 0x132
                0x0000000000000134                __MAC = 0x134
                0x0000000000000136                __MACS = 0x136
                0x0000000000000138                __OP2 = 0x138
                0x000000000000013a                __RESLO = 0x13a
                0x000000000000013c                __RESHI = 0x13c
                0x000000000000013e                __SUMEXT = 0x13e
                0x0000000000000020                __P1IN = 0x20
                0x0000000000000021                __P1OUT = 0x21
                0x0000000000000022                __P1DIR = 0x22
                0x0000000000000023                __P1IFG = 0x23
                0x0000000000000024                __P1IES = 0x24
                0x0000000000000025                __P1IE = 0x25
                0x0000000000000026                __P1SEL = 0x26
                0x0000000000000027                __P1REN = 0x27
                0x0000000000000028                __P2IN = 0x28
                0x0000000000000029                __P2OUT = 0x29
                0x000000000000002a                __P2DIR = 0x2a
                0x000000000000002b                __P2IFG = 0x2b
                0x000000000000002c                __P2IES = 0x2c
                0x000000000000002d                __P2IE = 0x2d
                0x000000000000002e                __P2SEL = 0x2e
                0x000000000000002f                __P2REN = 0x2f
                0x0000000000000018                __P3IN = 0x18
                0x0000000000000019                __P3OUT = 0x19
                0x000000000000001a                __P3DIR = 0x1a
                0x000000000000001b                __P3SEL = 0x1b
                0x0000000000000010                __P3REN = 0x10
                0x000000000000001c                __P4IN = 0x1c
                0x000000000000001d                __P4OUT = 0x1d
                0x000000000000001e                __P4DIR = 0x1e
                0x000000000000001f                __P4SEL = 0x1f
                0x0000000000000011                __P4REN = 0x11
                0x0000000000000030                __P5IN = 0x30
                0x0000000000000031                __P5OUT = 0x31
                0x0000000000000032                __P5DIR = 0x32
                0x0000000000000033                __P5SEL = 0x33
                0x0000000000000012                __P5REN = 0x12
                0x0000000000000034                __P6IN = 0x34
                0x0000000000000035                __P6OUT = 0x35
                0x0000000000000036                __P6DIR = 0x36
                0x0000000000000037                __P6SEL = 0x37
                0x0000000000000013                __P6REN = 0x13
                0x0000000000000038                __P7IN = 0x38
                0x000000000000003a                __P7OUT = 0x3a
                0x000000000000003c                __P7DIR = 0x3c
                0x000000000000003e                __P7SEL = 0x3e
                0x0000000000000014                __P7REN = 0x14
                0x0000000000000039                __P8IN = 0x39
                0x000000000000003b                __P8OUT = 0x3b
                0x000000000000003d                __P8DIR = 0x3d
                0x000000000000003f                __P8SEL = 0x3f
                0x0000000000000015                __P8REN = 0x15
                0x0000000000000038                __PAIN = 0x38
                0x000000000000003a                __PAOUT = 0x3a
                0x000000000000003c                __PADIR = 0x3c
                0x000000000000003e                __PASEL = 0x3e
                0x0000000000000014                __PAREN = 0x14
                0x0000000000000055                __SVSCTL = 0x55
                0x000000000000012e                __TAIV = 0x12e
                0x0000000000000160                __TACTL = 0x160
                0x0000000000000162                __TACCTL0 = 0x162
                0x0000000000000164                __TACCTL1 = 0x164
                0x0000000000000166                __TACCTL2 = 0x166
                0x0000000000000170                __TAR = 0x170
                0x0000000000000172                __TACCR0 = 0x172
                0x0000000000000174                __TACCR1 = 0x174
                0x0000000000000176                __TACCR2 = 0x176
                0x000000000000011e                __TBIV = 0x11e
                0x0000000000000180                __TBCTL = 0x180
                0x0000000000000182                __TBCCTL0 = 0x182
                0x0000000000000184                __TBCCTL1 = 0x184
                0x0000000000000186                __TBCCTL2 = 0x186
                0x0000000000000188                __TBCCTL3 = 0x188
                0x000000000000018a                __TBCCTL4 = 0x18a
                0x000000000000018c                __TBCCTL5 = 0x18c
                0x000000000000018e                __TBCCTL6 = 0x18e
                0x0000000000000190                __TBR = 0x190
                0x0000000000000192                __TBCCR0 = 0x192
                0x0000000000000194                __TBCCR1 = 0x194
                0x0000000000000196                __TBCCR2 = 0x196
                0x0000000000000198                __TBCCR3 = 0x198
                0x000000000000019a                __TBCCR4 = 0x19a
                0x000000000000019c                __TBCCR5 = 0x19c
                0x000000000000019e                __TBCCR6 = 0x19e
                0x0000000000000060                __UCA0CTL0 = 0x60
                0x0000000000000061                __UCA0CTL1 = 0x61
                0x0000000000000062                __UCA0BR0 = 0x62
                0x0000000000000063                __UCA0BR1 = 0x63
                0x0000000000000064                __UCA0MCTL = 0x64
                0x0000000000000065                __UCA0STAT = 0x65
                0x0000000000000066                __UCA0RXBUF = 0x66
                0x0000000000000067                __UCA0TXBUF = 0x67
                0x000000000000005d                __UCA0ABCTL = 0x5d
                0x000000000000005e                __UCA0IRTCTL = 0x5e
                0x000000000000005f                __UCA0IRRCTL = 0x5f
                0x0000000000000068                __UCB0CTL0 = 0x68
                0x0000000000000069                __UCB0CTL1 = 0x69
                0x000000000000006a                __UCB0BR0 = 0x6a
                0x000000000000006b                __UCB0BR1 = 0x6b
                0x000000000000006c                __UCB0I2CIE = 0x6c
                0x000000000000006d                __UCB0STAT = 0x6d
                0x000000000000006e                __UCB0RXBUF = 0x6e
                0x000000000000006f                __UCB0TXBUF = 0x6f
                0x0000000000000118                __UCB0I2COA = 0x118
                0x000000000000011a                __UCB0I2CSA = 0x11a
                0x00000000000000d0                __UCA1CTL0 = 0xd0
                0x00000000000000d1                __UCA1CTL1 = 0xd1
                0x00000000000000d2                __UCA1BR0 = 0xd2
                0x00000000000000d3                __UCA1BR1 = 0xd3
                0x00000000000000d4                __UCA1MCTL = 0xd4
                0x00000000000000d5                __UCA1STAT = 0xd5
                0x00000000000000d6                __UCA1RXBUF = 0xd6
                0x00000000000000d7                __UCA1TXBUF = 0xd7
                0x00000000000000cd                __UCA1ABCTL = 0xcd
                0x00000000000000ce                __UCA1IRTCTL = 0xce
                0x00000000000000cf                __UCA1IRRCTL = 0xcf
                0x00000000000000d8                __UCB1CTL0 = 0xd8
                0x00000000000000d9                __UCB1CTL1 = 0xd9
                0x00000000000000da                __UCB1BR0 = 0xda
                0x00000000000000db                __UCB1BR1 = 0xdb
                0x00000000000000dc                __UCB1I2CIE = 0xdc
                0x00000000000000dd                __UCB1STAT = 0xdd
                0x00000000000000de                __UCB1RXBUF = 0xde
                0x00000000000000df                __UCB1TXBUF = 0xdf
                0x000000000000017c                __UCB1I2COA = 0x17c
                0x000000000000017e                __UCB1I2CSA = 0x17e
                0x0000000000000120                __WDTCTL = 0x120
                0x00000000000010c0                __TLV_CHECKSUM = 0x10c0
                0x00000000000010f6                __TLV_DCO_30_TAG = 0x10f6
                0x00000000000010f7                __TLV_DCO_30_LEN = 0x10f7
                0x00000000000010da                __TLV_ADC12_1_TAG = 0x10da
                0x00000000000010db                __TLV_ADC12_1_LEN = 0x10db
                0x00000000000010f8                __CALDCO_16MHZ = 0x10f8
                0x00000000000010f9                __CALBC1_16MHZ = 0x10f9
                0x00000000000010fa                __CALDCO_12MHZ = 0x10fa
                0x00000000000010fb                __CALBC1_12MHZ = 0x10fb
                0x00000000000010fc                __CALDCO_8MHZ = 0x10fc
                0x00000000000010fd                __CALBC1_8MHZ = 0x10fd
                0x00000000000010fe                __CALDCO_1MHZ = 0x10fe
                0x00000000000010ff                __CALBC1_1MHZ = 0x10ff

.hash
 *(.hash)

.dynsym
 *(.dynsym)

.dynstr
 *(.dynstr)

.gnu.version
 *(.gnu.version)

.gnu.version_d
 *(.gnu.version_d)

.gnu.version_r
 *(.gnu.version_r)

.rel.init
 *(.rel.init)

.rela.init
 *(.rela.init)

.rel.fini
 *(.rel.fini)

.rela.fini
 *(.rela.fini)

.rel.text
 *(.rel.text .rel.text.* .rel.gnu.linkonce.t.*)

.rela.text
 *(.rela.text .rela.text.* .rela.gnu.linkonce.t.*)

.rel.rodata
 *(.rel.rodata .rel.rodata.* .rel.gnu.linkonce.r.*)

.rela.rodata
 *(.rela.rodata .rela.rodata.* .rela.gnu.linkonce.r.*)

.rel.data
 *(.rel.data .rel.data.* .rel.gnu.linkonce.d.*)

.rela.data
 *(.rela.data .rela.data.* .rela.gnu.linkonce.d.*)

.rel.bss
 *(.rel.bss .rel.bss.* .rel.gnu.linkonce.b.*)

.rela.bss
 *(.rela.bss .rela.bss.* .rela.gnu.linkonce.b.*)

.rel.ctors
 *(.rel.ctors)

.rela.ctors
 *(.rela.ctors)

.rel.dtors
 *(.rel.dtors)

.rela.dtors
 *(.rela.dtors)

.rel.got
 *(.rel.got)

.rela.got
 *(.rela.got)

.rel.plt
 *(.rel.plt)

.rela.plt
 *(.rela.plt)

.text           0x0000000000003100     0xc348
                0x0000000000003100                . = ALIGN (0x2)
 *(.init .init.*)
 *(.init0)
 .init0         0x0000000000003100        0x0 /usr/lib/gcc/msp430/4.6.3/mcpu-430x/mmpy-16/libcrt0.a(_reset_vector__.o)
                0x0000000000003100                _reset_vector__
 *(.init1)
 .init1         0x0000000000003100        0xc /usr/lib/gcc/msp430/4.6.3/mcpu-430x/mmpy-16/libcrt0.a(__watchdog_support.o)
                0x0000000000003100                __watchdog_support
 *(.init2)
 .init2         0x000000000000310c        0x4 /usr/lib/gcc/msp430/4.6.3/mcpu-430x/mmpy-16/libcrt0.a(__init_stack.o)
                0x000000000000310c                __init_stack
 *(.init3)
 .init3         0x0000000000003110        0x0 /usr/lib/gcc/msp430/4.6.3/mcpu-430x/mmpy-16/libcrt0.a(__low_level_init.o)
                0x0000000000003110                __low_level_init
 *(.init4)
 .init4         0x0000000000003110       0x18 /usr/lib/gcc/msp430/4.6.3/mcpu-430x/mmpy-16/libcrt0.a(_copy_data.o)
                0x0000000000003110                __do_copy_data
 .init4         0x0000000000003128       0x16 /usr/lib/gcc/msp430/4.6.3/mcpu-430x/mmpy-16/libcrt0.a(_clear_bss.o)
                0x0000000000003128                __do_clear_bss
 *(.init5)
 *(.init6)
 *(.init7)
 *(.init8)
 *(.init9)
 .init9         0x000000000000313e      0x35c obj_z1/contiki-z1-main.o
                0x000000000000313e                main
 *(.fini9)
 .fini9         0x000000000000349a        0x0 /usr/lib/gcc/msp430/4.6.3/mcpu-430x/mmpy-16/libcrt0.a(__stop_progExec__.o)
                0x000000000000349a                __stop_progExec__
 *(.fini8)
 *(.fini7)
 *(.fini6)
 *(.fini5)
 *(.fini4)
 *(.fini3)
 *(.fini2)
 *(.fini1)
 *(.fini0)
 .fini0         0x000000000000349a        0x6 /usr/lib/gcc/msp430/4.6.3/mcpu-430x/mmpy-16/libcrt0.a(_endless_loop__.o)
                0x000000000000349a                _endless_loop__
 *(.fini .fini.*)
                0x00000000000034a0                . = ALIGN (0x2)
                0x00000000000034a0                __ctors_start = .
 *(.ctors)
                0x00000000000034a0                __ctors_end = .
                0x00000000000034a0                __dtors_start = .
 *(.dtors)
                0x00000000000034a0                __dtors_end = .
                0x00000000000034a0                . = ALIGN (0x2)
 *(.text .text.* .gnu.linkonce.t.*)
 .text          0x00000000000034a0        0x4 /usr/lib/gcc/msp430/4.6.3/mcpu-430x/mmpy-16/crt0ivtbl32.o
                0x00000000000034a0                __isr_14
                0x00000000000034a0                __isr_4
                0x00000000000034a0                __isr_29
                0x00000000000034a0                __isr_11
                0x00000000000034a0                __isr_5
                0x00000000000034a0                __isr_2
                0x00000000000034a0                __isr_10
                0x00000000000034a0                __isr_7
                0x00000000000034a0                __isr_0
                0x00000000000034a0                __isr_28
                0x00000000000034a0                __isr_8
                0x00000000000034a0                __isr_20
                0x00000000000034a0                __isr_3
                0x00000000000034a0                __isr_12
                0x00000000000034a0                __isr_13
                0x00000000000034a0                __isr_27
                0x00000000000034a0                __isr_9
                0x00000000000034a0                __isr_30
                0x00000000000034a0                __isr_6
                0x00000000000034a0                __isr_22
                0x00000000000034a0                __isr_1
                0x00000000000034a0                __isr_15
                0x00000000000034a0                __isr_21
 .text.process_thread_er_example_client
                0x00000000000034a4      0x1b6 er-example-client.co
 .text.client_chunk_handler
                0x000000000000365a       0x1a er-example-client.co
                0x000000000000365a                client_chunk_handler
 .text.coap_parse_int_option
                0x0000000000003674       0x36 contiki-z1.a(er-coap.o)
 .text.coap_set_option_header
                0x00000000000036aa       0x98 contiki-z1.a(er-coap.o)
 .text.coap_serialize_int_option
                0x0000000000003742       0xbe contiki-z1.a(er-coap.o)
 .text.coap_get_variable
                0x0000000000003800       0xa2 contiki-z1.a(er-coap.o)
 .text.coap_serialize_array_option
                0x00000000000038a2       0xd4 contiki-z1.a(er-coap.o)
 .text.coap_merge_multi_option.part.1
                0x0000000000003976       0x2c contiki-z1.a(er-coap.o)
 .text.coap_init_connection
                0x00000000000039a2       0x22 contiki-z1.a(er-coap.o)
                0x00000000000039a2                coap_init_connection
 .text.coap_get_mid
                0x00000000000039c4        0xc contiki-z1.a(er-coap.o)
                0x00000000000039c4                coap_get_mid
 .text.coap_init_message
                0x00000000000039d0       0x24 contiki-z1.a(er-coap.o)
                0x00000000000039d0                coap_init_message
 .text.coap_serialize_message
                0x00000000000039f4      0x426 contiki-z1.a(er-coap.o)
                0x00000000000039f4                coap_serialize_message
 .text.coap_send_message
                0x0000000000003e1a       0x3e contiki-z1.a(er-coap.o)
                0x0000000000003e1a                coap_send_message
 .text.coap_parse_message
                0x0000000000003e58      0x510 contiki-z1.a(er-coap.o)
                0x0000000000003e58                coap_parse_message
 .text.coap_get_query_variable
                0x0000000000004368       0x1c contiki-z1.a(er-coap.o)
                0x0000000000004368                coap_get_query_variable
 .text.coap_get_post_variable
                0x0000000000004384       0x20 contiki-z1.a(er-coap.o)
                0x0000000000004384                coap_get_post_variable
 .text.coap_set_status_code
                0x00000000000043a4       0x12 contiki-z1.a(er-coap.o)
                0x00000000000043a4                coap_set_status_code
 .text.coap_set_token
                0x00000000000043b6       0x24 contiki-z1.a(er-coap.o)
                0x00000000000043b6                coap_set_token
 .text.coap_get_header_content_format
                0x00000000000043da       0x18 contiki-z1.a(er-coap.o)
                0x00000000000043da                coap_get_header_content_format
 .text.coap_set_header_content_format
                0x00000000000043f2        0xe contiki-z1.a(er-coap.o)
                0x00000000000043f2                coap_set_header_content_format
 .text.coap_get_header_accept
                0x0000000000004400       0x16 contiki-z1.a(er-coap.o)
                0x0000000000004400                coap_get_header_accept
 .text.coap_get_header_max_age
                0x0000000000004416       0x26 contiki-z1.a(er-coap.o)
                0x0000000000004416                coap_get_header_max_age
 .text.coap_set_header_max_age
                0x000000000000443c       0x12 contiki-z1.a(er-coap.o)
                0x000000000000443c                coap_set_header_max_age
 .text.coap_set_header_etag
                0x000000000000444e       0x2a contiki-z1.a(er-coap.o)
                0x000000000000444e                coap_set_header_etag
 .text.coap_get_header_if_match
                0x0000000000004478       0x1c contiki-z1.a(er-coap.o)
                0x0000000000004478                coap_get_header_if_match
 .text.coap_get_header_if_none_match
                0x0000000000004494       0x10 contiki-z1.a(er-coap.o)
                0x0000000000004494                coap_get_header_if_none_match
 .text.coap_get_header_uri_host
                0x00000000000044a4       0x18 contiki-z1.a(er-coap.o)
                0x00000000000044a4                coap_get_header_uri_host
 .text.coap_get_header_uri_path
                0x00000000000044bc       0x18 contiki-z1.a(er-coap.o)
                0x00000000000044bc                coap_get_header_uri_path
 .text.coap_set_header_uri_path
                0x00000000000044d4       0x2a contiki-z1.a(er-coap.o)
                0x00000000000044d4                coap_set_header_uri_path
 .text.coap_get_header_uri_query
                0x00000000000044fe       0x16 contiki-z1.a(er-coap.o)
                0x00000000000044fe                coap_get_header_uri_query
 .text.coap_set_header_location_query
                0x0000000000004514       0x2c contiki-z1.a(er-coap.o)
                0x0000000000004514                coap_set_header_location_query
 .text.coap_set_header_location_path
                0x0000000000004540       0x78 contiki-z1.a(er-coap.o)
                0x0000000000004540                coap_set_header_location_path
 .text.coap_set_header_observe
                0x00000000000045b8       0x12 contiki-z1.a(er-coap.o)
                0x00000000000045b8                coap_set_header_observe
 .text.coap_get_header_block2
                0x00000000000045ca       0x4c contiki-z1.a(er-coap.o)
                0x00000000000045ca                coap_get_header_block2
 .text.coap_set_header_block2
                0x0000000000004616       0x40 contiki-z1.a(er-coap.o)
                0x0000000000004616                coap_set_header_block2
 .text.coap_get_header_size2
                0x0000000000004656       0x1e contiki-z1.a(er-coap.o)
                0x0000000000004656                coap_get_header_size2
 .text.coap_set_header_size2
                0x0000000000004674       0x12 contiki-z1.a(er-coap.o)
                0x0000000000004674                coap_set_header_size2
 .text.coap_get_payload
                0x0000000000004686       0x1a contiki-z1.a(er-coap.o)
                0x0000000000004686                coap_get_payload
 .text.coap_set_payload
                0x00000000000046a0       0x16 contiki-z1.a(er-coap.o)
                0x00000000000046a0                coap_set_payload
 .text.coap_set_service_callback
                0x00000000000046b6        0x6 contiki-z1.a(er-coap-engine.)
                0x00000000000046b6                coap_set_service_callback
 .text.coap_get_rest_method
                0x00000000000046bc       0x1a contiki-z1.a(er-coap-engine.)
                0x00000000000046bc                coap_get_rest_method
 .text.process_thread_coap_engine
                0x00000000000046d6      0x3fa contiki-z1.a(er-coap-engine.)
 .text.coap_blocking_request_callback
                0x0000000000004ad0        0xe contiki-z1.a(er-coap-engine.)
                0x0000000000004ad0                coap_blocking_request_callback
 .text.coap_init_engine
                0x0000000000004ade        0xc contiki-z1.a(er-coap-engine.)
                0x0000000000004ade                coap_init_engine
 .text.coap_blocking_request
                0x0000000000004aea      0x112 contiki-z1.a(er-coap-engine.)
                0x0000000000004aea                coap_blocking_request
 .text.coap_register_as_transaction_handler
                0x0000000000004bfc        0x8 contiki-z1.a(er-coap-transac)
                0x0000000000004bfc                coap_register_as_transaction_handler
 .text.coap_new_transaction
                0x0000000000004c04       0x5a contiki-z1.a(er-coap-transac)
                0x0000000000004c04                coap_new_transaction
 .text.coap_clear_transaction
                0x0000000000004c5e       0x86 contiki-z1.a(er-coap-transac)
                0x0000000000004c5e                coap_clear_transaction
 .text.coap_send_transaction
                0x0000000000004ce4      0x16a contiki-z1.a(er-coap-transac)
                0x0000000000004ce4                coap_send_transaction
 .text.coap_get_transaction_by_mid
                0x0000000000004e4e       0x34 contiki-z1.a(er-coap-transac)
                0x0000000000004e4e                coap_get_transaction_by_mid
 .text.coap_check_transactions
                0x0000000000004e82       0x4a contiki-z1.a(er-coap-transac)
                0x0000000000004e82                coap_check_transactions
 .text.coap_remove_observer
                0x0000000000004ecc       0x1c contiki-z1.a(er-coap-observe)
                0x0000000000004ecc                coap_remove_observer
 .text.coap_remove_observer_by_client
                0x0000000000004ee8       0x40 contiki-z1.a(er-coap-observe)
                0x0000000000004ee8                coap_remove_observer_by_client
 .text.coap_remove_observer_by_token
                0x0000000000004f28       0x5e contiki-z1.a(er-coap-observe)
                0x0000000000004f28                coap_remove_observer_by_token
 .text.coap_remove_observer_by_uri
                0x0000000000004f86       0x6a contiki-z1.a(er-coap-observe)
                0x0000000000004f86                coap_remove_observer_by_uri
 .text.coap_add_observer
                0x0000000000004ff0       0x5c contiki-z1.a(er-coap-observe)
                0x0000000000004ff0                coap_add_observer
 .text.coap_remove_observer_by_mid
                0x000000000000504c       0x48 contiki-z1.a(er-coap-observe)
                0x000000000000504c                coap_remove_observer_by_mid
 .text.coap_notify_observers
                0x0000000000005094       0xdc contiki-z1.a(er-coap-observe)
                0x0000000000005094                coap_notify_observers
 .text.coap_observe_handler
                0x0000000000005170       0xb8 contiki-z1.a(er-coap-observe)
                0x0000000000005170                coap_observe_handler
 .text.well_known_core_get_handler
                0x0000000000005228      0x27a contiki-z1.a(er-coap-res-wel)
                0x0000000000005228                well_known_core_get_handler
 .text.countTransactionsForAddress
                0x00000000000054a2       0x32 contiki-z1.a(er-cocoa.o)
                0x00000000000054a2                countTransactionsForAddress
 .text.coap_delete_rtt_by_freshness
                0x00000000000054d4       0x7c contiki-z1.a(er-cocoa.o)
                0x00000000000054d4                coap_delete_rtt_by_freshness
 .text.coap_check_rto_state
                0x0000000000005550       0xb2 contiki-z1.a(er-cocoa.o)
                0x0000000000005550                coap_check_rto_state
 .text.coap_new_rtt_estimation
                0x0000000000005602       0x66 contiki-z1.a(er-cocoa.o)
                0x0000000000005602                coap_new_rtt_estimation
 .text.coap_update_rtt_estimation
                0x0000000000005668      0x3ce contiki-z1.a(er-cocoa.o)
                0x0000000000005668                coap_update_rtt_estimation
 .text.coap_check_rtt_estimation
                0x0000000000005a36      0x192 contiki-z1.a(er-cocoa.o)
                0x0000000000005a36                coap_check_rtt_estimation
 .text.rest_activate_resource
                0x0000000000005bc8       0x3c contiki-z1.a(rest-engine.o)
                0x0000000000005bc8                rest_activate_resource
 .text.rest_get_resources
                0x0000000000005c04        0x6 contiki-z1.a(rest-engine.o)
                0x0000000000005c04                rest_get_resources
 .text.init_platform
                0x0000000000005c0a        0xc contiki-z1.a(contiki-z1-plat)
                0x0000000000005c0a                init_platform
 .text.msp430_init_dco
                0x0000000000005c16       0x28 contiki-z1.a(msp430.o)
                0x0000000000005c16                msp430_init_dco
 .text.splhigh_
                0x0000000000005c3e        0x8 contiki-z1.a(msp430.o)
                0x0000000000005c3e                splhigh_
 .text.msp430_sync_dco
                0x0000000000005c46       0x72 contiki-z1.a(msp430.o)
                0x0000000000005c46                msp430_sync_dco
 .text.msp430_cpu_init
                0x0000000000005cb8       0x2a contiki-z1.a(msp430.o)
                0x0000000000005cb8                msp430_cpu_init
 .text.show_leds
                0x0000000000005ce2       0xee contiki-z1.a(leds.o)
 .text.leds_init
                0x0000000000005dd0        0xa contiki-z1.a(leds.o)
                0x0000000000005dd0                leds_init
 .text.leds_on  0x0000000000005dda        0xa contiki-z1.a(leds.o)
                0x0000000000005dda                leds_on
 .text.leds_off
                0x0000000000005de4        0xe contiki-z1.a(leds.o)
                0x0000000000005de4                leds_off
 .text.watchdog_interrupt
                0x0000000000005df2        0x6 contiki-z1.a(watchdog.o)
                0x0000000000005df2                __isr_26
                0x0000000000005df2                watchdog_interrupt
 .text.watchdog_start
                0x0000000000005df8       0x14 contiki-z1.a(watchdog.o)
                0x0000000000005df8                watchdog_start
 .text.watchdog_periodic
                0x0000000000005e0c       0x12 contiki-z1.a(watchdog.o)
                0x0000000000005e0c                watchdog_periodic
 .text.watchdog_stop
                0x0000000000005e1e       0x16 contiki-z1.a(watchdog.o)
                0x0000000000005e1e                watchdog_stop
 .text.watchdog_init
                0x0000000000005e34       0x14 contiki-z1.a(watchdog.o)
                0x0000000000005e34                watchdog_init
 .text.wait_ready
                0x0000000000005e48       0x4e contiki-z1.a(xmem.o)
 .text.xmem_init
                0x0000000000005e96       0x1e contiki-z1.a(xmem.o)
                0x0000000000005e96                xmem_init
 .text.xmem_pread
                0x0000000000005eb4       0xd0 contiki-z1.a(xmem.o)
                0x0000000000005eb4                xmem_pread
 .text.spi_init
                0x0000000000005f84       0x38 contiki-z1.a(spi.o)
                0x0000000000005f84                spi_init
 .text.get_object
                0x0000000000005fbc        0x4 contiki-z1.a(cc2420.o)
 .text.set_object
                0x0000000000005fc0        0x4 contiki-z1.a(cc2420.o)
 .text.strobe   0x0000000000005fc4       0x20 contiki-z1.a(cc2420.o)
 .text.getreg   0x0000000000005fe4       0x50 contiki-z1.a(cc2420.o)
 .text.setreg   0x0000000000006034       0x52 contiki-z1.a(cc2420.o)
 .text.write_ram
                0x0000000000006086       0x7e contiki-z1.a(cc2420.o)
 .text.write_fifo_buf
                0x0000000000006104       0x40 contiki-z1.a(cc2420.o)
 .text.get_status
                0x0000000000006144       0x24 contiki-z1.a(cc2420.o)
 .text.set_txpower
                0x0000000000006168       0x26 contiki-z1.a(cc2420.o)
 .text.cc2420_receiving_packet
                0x000000000000618e        0xe contiki-z1.a(cc2420.o)
 .text.pending_packet
                0x000000000000619c        0xe contiki-z1.a(cc2420.o)
 .text.on       0x00000000000061aa       0x1e contiki-z1.a(cc2420.o)
 .text.wait_for_transmission
                0x00000000000061c8       0x22 contiki-z1.a(cc2420.o)
 .text.wait_for_status
                0x00000000000061ea       0x26 contiki-z1.a(cc2420.o)
 .text.getrxdata
                0x0000000000006210       0x54 contiki-z1.a(cc2420.o)
 .text.flushrx  0x0000000000006264       0x1a contiki-z1.a(cc2420.o)
 .text.off      0x000000000000627e       0x56 contiki-z1.a(cc2420.o)
 .text.RELEASE_LOCK
                0x00000000000062d4       0x28 contiki-z1.a(cc2420.o)
 .text.set_key  0x00000000000062fc       0x18 contiki-z1.a(cc2420.o)
 .text.cc2420_prepare
                0x0000000000006314       0x38 contiki-z1.a(cc2420.o)
 .text.cc2420_on
                0x000000000000634c       0x22 contiki-z1.a(cc2420.o)
                0x000000000000634c                cc2420_on
 .text.cc2420_off
                0x000000000000636e       0x30 contiki-z1.a(cc2420.o)
                0x000000000000636e                cc2420_off
 .text.cc2420_cca
                0x000000000000639e       0x5a contiki-z1.a(cc2420.o)
 .text.cc2420_read
                0x00000000000063f8       0xac contiki-z1.a(cc2420.o)
 .text.process_thread_cc2420_process
                0x00000000000064a4       0x50 contiki-z1.a(cc2420.o)
 .text.encrypt  0x00000000000064f4       0x8c contiki-z1.a(cc2420.o)
 .text.cc2420_set_channel
                0x0000000000006580       0x3a contiki-z1.a(cc2420.o)
                0x0000000000006580                cc2420_set_channel
 .text.cc2420_set_pan_addr
                0x00000000000065ba       0x4c contiki-z1.a(cc2420.o)
                0x00000000000065ba                cc2420_set_pan_addr
 .text.cc2420_interrupt
                0x0000000000006606       0x18 contiki-z1.a(cc2420.o)
                0x0000000000006606                cc2420_interrupt
 .text.cc2420_set_txpower
                0x000000000000661e        0xe contiki-z1.a(cc2420.o)
                0x000000000000661e                cc2420_set_txpower
 .text.cc2420_get_txpower
                0x000000000000662c       0x1e contiki-z1.a(cc2420.o)
                0x000000000000662c                cc2420_get_txpower
 .text.cc2420_transmit
                0x000000000000664a      0x106 contiki-z1.a(cc2420.o)
 .text.cc2420_send
                0x0000000000006750       0x12 contiki-z1.a(cc2420.o)
 .text.cc2420_rssi
                0x0000000000006762       0x48 contiki-z1.a(cc2420.o)
                0x0000000000006762                cc2420_rssi
 .text.get_value
                0x00000000000067aa       0xa6 contiki-z1.a(cc2420.o)
 .text.cc2420_set_cca_threshold
                0x0000000000006850       0x16 contiki-z1.a(cc2420.o)
                0x0000000000006850                cc2420_set_cca_threshold
 .text.set_value
                0x0000000000006866       0x84 contiki-z1.a(cc2420.o)
 .text.cc2420_init
                0x00000000000068ea       0xde contiki-z1.a(cc2420.o)
                0x00000000000068ea                cc2420_init
 .text.cc2420_arch_init
                0x00000000000069c8       0x1a contiki-z1.a(cc2420-arch.o)
                0x00000000000069c8                cc2420_arch_init
 .text.node_id_restore
                0x00000000000069e2       0x4c contiki-z1.a(node-id.o)
                0x00000000000069e2                node_id_restore
 .text.process_thread_sensors_process
                0x0000000000006a2e       0xbe contiki-z1.a(sensors.o)
 .text.sensors_changed
                0x0000000000006aec       0x2a contiki-z1.a(sensors.o)
                0x0000000000006aec                sensors_changed
 .text.status   0x0000000000006b16       0x16 contiki-z1.a(button-sensor.o)
 .text.configure
                0x0000000000006b2c       0x52 contiki-z1.a(button-sensor.o)
 .text.value    0x0000000000006b7e       0x22 contiki-z1.a(button-sensor.o)
 .text.irq_p2   0x0000000000006ba0       0x76 contiki-z1.a(button-sensor.o)
                0x0000000000006ba0                irq_p2
                0x0000000000006ba0                __isr_19
 .text.uart0_active
                0x0000000000006c16        0xe contiki-z1.a(uart0.o)
                0x0000000000006c16                uart0_active
 .text.uart0_writeb
                0x0000000000006c24       0x18 contiki-z1.a(uart0.o)
                0x0000000000006c24                uart0_writeb
 .text.uart0_init
                0x0000000000006c3c       0x46 contiki-z1.a(uart0.o)
                0x0000000000006c3c                uart0_init
 .text.uart0_rx_interrupt
                0x0000000000006c82       0x66 contiki-z1.a(uart0.o)
                0x0000000000006c82                __isr_23
                0x0000000000006c82                uart0_rx_interrupt
 .text.putchar  0x0000000000006ce8       0x10 contiki-z1.a(uart0-putchar.o)
                0x0000000000006ce8                putchar
 .text.accm_write_reg
                0x0000000000006cf8       0x2e contiki-z1.a(adxl345.o)
                0x0000000000006cf8                accm_write_reg
 .text.accm_write_stream
                0x0000000000006d26       0x2a contiki-z1.a(adxl345.o)
                0x0000000000006d26                accm_write_stream
 .text.accm_read_reg
                0x0000000000006d50       0x54 contiki-z1.a(adxl345.o)
                0x0000000000006d50                accm_read_reg
 .text.process_thread_accmeter_process
                0x0000000000006da4       0x56 contiki-z1.a(adxl345.o)
 .text.accm_init
                0x0000000000006dfa       0x8a contiki-z1.a(adxl345.o)
                0x0000000000006dfa                accm_init
 .text.port1_isr
                0x0000000000006e84       0xc4 contiki-z1.a(adxl345.o)
                0x0000000000006e84                port1_isr
                0x0000000000006e84                __isr_18
 .text.timera1  0x0000000000006f48      0x10a contiki-z1.a(clock.o)
                0x0000000000006f48                __isr_24
                0x0000000000006f48                timera1
 .text.clock_time
                0x0000000000007052       0x1a contiki-z1.a(clock.o)
                0x0000000000007052                clock_time
 .text.clock_init
                0x000000000000706c       0x28 contiki-z1.a(clock.o)
                0x000000000000706c                clock_init
 .text.clock_delay
                0x0000000000007094        0xc contiki-z1.a(clock.o)
                0x0000000000007094                clock_delay
 .text.clock_wait
                0x00000000000070a0       0x28 contiki-z1.a(clock.o)
                0x00000000000070a0                clock_wait
 .text.clock_seconds
                0x00000000000070c8       0x1a contiki-z1.a(clock.o)
                0x00000000000070c8                clock_seconds
 .text.leds_arch_init
                0x00000000000070e2        0xe contiki-z1.a(leds-arch.o)
                0x00000000000070e2                leds_arch_init
 .text.leds_arch_set
                0x00000000000070f0       0x3a contiki-z1.a(leds-arch.o)
                0x00000000000070f0                leds_arch_set
 .text.rtimer_arch_init
                0x000000000000712a        0xe contiki-z1.a(rtimer-arch.o)
                0x000000000000712a                rtimer_arch_init
 .text.rtimer_arch_now
                0x0000000000007138        0xe contiki-z1.a(rtimer-arch.o)
                0x0000000000007138                rtimer_arch_now
 .text.timera0  0x0000000000007146       0x5c contiki-z1.a(rtimer-arch.o)
                0x0000000000007146                __isr_25
                0x0000000000007146                timera0
 .text.rtimer_arch_schedule
                0x00000000000071a2        0x6 contiki-z1.a(rtimer-arch.o)
                0x00000000000071a2                rtimer_arch_schedule
 .text.autostart_start
                0x00000000000071a8       0x16 contiki-z1.a(autostart.o)
                0x00000000000071a8                autostart_start
 .text.process_thread_ctimer_process
                0x00000000000071be       0x9c contiki-z1.a(ctimer.o)
 .text.ctimer_init
                0x000000000000725a       0x18 contiki-z1.a(ctimer.o)
                0x000000000000725a                ctimer_init
 .text.ctimer_set
                0x0000000000007272       0x48 contiki-z1.a(ctimer.o)
                0x0000000000007272                ctimer_set
 .text.ctimer_reset
                0x00000000000072ba       0x2c contiki-z1.a(ctimer.o)
                0x00000000000072ba                ctimer_reset
 .text.ctimer_stop
                0x00000000000072e6       0x28 contiki-z1.a(ctimer.o)
                0x00000000000072e6                ctimer_stop
 .text.energest_init
                0x000000000000730e       0x28 contiki-z1.a(energest.o)
                0x000000000000730e                energest_init
 .text.energest_type_time
                0x0000000000007336       0x3c contiki-z1.a(energest.o)
                0x0000000000007336                energest_type_time
 .text.energest_type_set
                0x0000000000007372        0xc contiki-z1.a(energest.o)
                0x0000000000007372                energest_type_set
 .text.energest_flush
                0x000000000000737e       0x38 contiki-z1.a(energest.o)
                0x000000000000737e                energest_flush
 .text.update_time
                0x00000000000073b6       0x70 contiki-z1.a(etimer.o)
 .text.etimer_request_poll
                0x0000000000007426        0xa contiki-z1.a(etimer.o)
                0x0000000000007426                etimer_request_poll
 .text.process_thread_etimer_process
                0x0000000000007430       0xc0 contiki-z1.a(etimer.o)
 .text.add_timer
                0x00000000000074f0       0x40 contiki-z1.a(etimer.o)
 .text.etimer_set
                0x0000000000007530       0x12 contiki-z1.a(etimer.o)
                0x0000000000007530                etimer_set
 .text.etimer_reset
                0x0000000000007542       0x12 contiki-z1.a(etimer.o)
                0x0000000000007542                etimer_reset
 .text.etimer_restart
                0x0000000000007554       0x12 contiki-z1.a(etimer.o)
                0x0000000000007554                etimer_restart
 .text.etimer_expired
                0x0000000000007566        0xe contiki-z1.a(etimer.o)
                0x0000000000007566                etimer_expired
 .text.etimer_expiration_time
                0x0000000000007574       0x14 contiki-z1.a(etimer.o)
                0x0000000000007574                etimer_expiration_time
 .text.etimer_pending
                0x0000000000007588        0xc contiki-z1.a(etimer.o)
                0x0000000000007588                etimer_pending
 .text.etimer_next_expiration_time
                0x0000000000007594       0x16 contiki-z1.a(etimer.o)
                0x0000000000007594                etimer_next_expiration_time
 .text.etimer_stop
                0x00000000000075aa       0x3c contiki-z1.a(etimer.o)
                0x00000000000075aa                etimer_stop
 .text.call_process
                0x00000000000075e6       0x46 contiki-z1.a(process.o)
 .text.exit_process
                0x000000000000762c       0x8a contiki-z1.a(process.o)
 .text.do_poll  0x00000000000076b6       0x30 contiki-z1.a(process.o)
 .text.process_alloc_event
                0x00000000000076e6        0xe contiki-z1.a(process.o)
                0x00000000000076e6                process_alloc_event
 .text.process_init
                0x00000000000076f4       0x1c contiki-z1.a(process.o)
                0x00000000000076f4                process_init
 .text.process_run
                0x0000000000007710       0xa4 contiki-z1.a(process.o)
                0x0000000000007710                process_run
 .text.process_nevents
                0x00000000000077b4        0xe contiki-z1.a(process.o)
                0x00000000000077b4                process_nevents
 .text.process_post
                0x00000000000077c2       0x50 contiki-z1.a(process.o)
                0x00000000000077c2                process_post
 .text.process_post_synch
                0x0000000000007812       0x12 contiki-z1.a(process.o)
                0x0000000000007812                process_post_synch
 .text.process_start
                0x0000000000007824       0x32 contiki-z1.a(process.o)
                0x0000000000007824                process_start
 .text.process_poll
                0x0000000000007856       0x18 contiki-z1.a(process.o)
                0x0000000000007856                process_poll
 .text.rtimer_init
                0x000000000000786e        0x6 contiki-z1.a(rtimer.o)
                0x000000000000786e                rtimer_init
 .text.rtimer_run_next
                0x0000000000007874       0x26 contiki-z1.a(rtimer.o)
                0x0000000000007874                rtimer_run_next
 .text.timer_set
                0x000000000000789a       0x1c contiki-z1.a(timer.o)
                0x000000000000789a                timer_set
 .text.timer_reset
                0x00000000000078b6        0xe contiki-z1.a(timer.o)
                0x00000000000078b6                timer_reset
 .text.timer_restart
                0x00000000000078c4       0x14 contiki-z1.a(timer.o)
                0x00000000000078c4                timer_restart
 .text.timer_expired
                0x00000000000078d8       0x2a contiki-z1.a(timer.o)
                0x00000000000078d8                timer_expired
 .text.list_init
                0x0000000000007902        0x6 contiki-z1.a(list.o)
                0x0000000000007902                list_init
 .text.list_head
                0x0000000000007908        0x4 contiki-z1.a(list.o)
                0x0000000000007908                list_head
 .text.list_tail
                0x000000000000790c       0x12 contiki-z1.a(list.o)
                0x000000000000790c                list_tail
 .text.list_remove
                0x000000000000791e       0x34 contiki-z1.a(list.o)
                0x000000000000791e                list_remove
 .text.list_push
                0x0000000000007952       0x16 contiki-z1.a(list.o)
                0x0000000000007952                list_push
 .text.list_add
                0x0000000000007968       0x26 contiki-z1.a(list.o)
                0x0000000000007968                list_add
 .text.list_length
                0x000000000000798e       0x10 contiki-z1.a(list.o)
                0x000000000000798e                list_length
 .text.list_item_next
                0x000000000000799e        0xc contiki-z1.a(list.o)
                0x000000000000799e                list_item_next
 .text.memb_init
                0x00000000000079aa       0x36 contiki-z1.a(memb.o)
                0x00000000000079aa                memb_init
 .text.memb_alloc
                0x00000000000079e0       0x3e contiki-z1.a(memb.o)
                0x00000000000079e0                memb_alloc
 .text.memb_free
                0x0000000000007a1e       0x3a contiki-z1.a(memb.o)
                0x0000000000007a1e                memb_free
 .text.memb_inmemb
                0x0000000000007a58       0x2e contiki-z1.a(memb.o)
                0x0000000000007a58                memb_inmemb
 .text.memb_numfree
                0x0000000000007a86       0x26 contiki-z1.a(memb.o)
                0x0000000000007a86                memb_numfree
 .text.random_rand
                0x0000000000007aac        0x6 contiki-z1.a(random.o)
                0x0000000000007aac                random_rand
 .text.uip_ds6_list_loop
                0x0000000000007ab2       0x66 contiki-z1.a(uip-ds6.o)
                0x0000000000007ab2                uip_ds6_list_loop
 .text.uip_ds6_prefix_add
                0x0000000000007b18       0x70 contiki-z1.a(uip-ds6.o)
                0x0000000000007b18                uip_ds6_prefix_add
 .text.uip_ds6_is_addr_onlink
                0x0000000000007b88       0x42 contiki-z1.a(uip-ds6.o)
                0x0000000000007b88                uip_ds6_is_addr_onlink
 .text.uip_ds6_addr_lookup
                0x0000000000007bca       0x2a contiki-z1.a(uip-ds6.o)
                0x0000000000007bca                uip_ds6_addr_lookup
 .text.uip_ds6_get_link_local
                0x0000000000007bf4       0x3e contiki-z1.a(uip-ds6.o)
                0x0000000000007bf4                uip_ds6_get_link_local
 .text.uip_ds6_maddr_add
                0x0000000000007c32       0x48 contiki-z1.a(uip-ds6.o)
                0x0000000000007c32                uip_ds6_maddr_add
 .text.uip_ds6_addr_add
                0x0000000000007c7a       0xb4 contiki-z1.a(uip-ds6.o)
                0x0000000000007c7a                uip_ds6_addr_add
 .text.uip_ds6_maddr_lookup
                0x0000000000007d2e       0x2a contiki-z1.a(uip-ds6.o)
                0x0000000000007d2e                uip_ds6_maddr_lookup
 .text.uip_ds6_addr_rm
                0x0000000000007d58       0x54 contiki-z1.a(uip-ds6.o)
                0x0000000000007d58                uip_ds6_addr_rm
 .text.uip_ds6_periodic
                0x0000000000007dac       0x4a contiki-z1.a(uip-ds6.o)
                0x0000000000007dac                uip_ds6_periodic
 .text.uip_ds6_set_addr_iid
                0x0000000000007df6       0x14 contiki-z1.a(uip-ds6.o)
                0x0000000000007df6                uip_ds6_set_addr_iid
 .text.get_match_length
                0x0000000000007e0a       0x3a contiki-z1.a(uip-ds6.o)
                0x0000000000007e0a                get_match_length
 .text.uip_ds6_select_src
                0x0000000000007e44       0x9a contiki-z1.a(uip-ds6.o)
                0x0000000000007e44                uip_ds6_select_src
 .text.uip_ds6_compute_reachable_time
                0x0000000000007ede       0x36 contiki-z1.a(uip-ds6.o)
                0x0000000000007ede                uip_ds6_compute_reachable_time
 .text.uip_ds6_init
                0x0000000000007f14      0x138 contiki-z1.a(uip-ds6.o)
                0x0000000000007f14                uip_ds6_init
 .text.call_route_callback
                0x000000000000804c       0x40 contiki-z1.a(uip-ds6-route.o)
 .text.uip_ds6_route_init
                0x000000000000808c       0x36 contiki-z1.a(uip-ds6-route.o)
                0x000000000000808c                uip_ds6_route_init
 .text.uip_ds6_route_nexthop
                0x00000000000080c2       0x1a contiki-z1.a(uip-ds6-route.o)
                0x00000000000080c2                uip_ds6_route_nexthop
 .text.uip_ds6_route_head
                0x00000000000080dc        0xa contiki-z1.a(uip-ds6-route.o)
                0x00000000000080dc                uip_ds6_route_head
 .text.uip_ds6_route_next
                0x00000000000080e6        0xe contiki-z1.a(uip-ds6-route.o)
                0x00000000000080e6                uip_ds6_route_next
 .text.uip_ds6_route_lookup
                0x00000000000080f4       0x6e contiki-z1.a(uip-ds6-route.o)
                0x00000000000080f4                uip_ds6_route_lookup
 .text.uip_ds6_route_rm
                0x0000000000008162       0xa0 contiki-z1.a(uip-ds6-route.o)
                0x0000000000008162                uip_ds6_route_rm
 .text.rm_routelist
                0x0000000000008202       0x34 contiki-z1.a(uip-ds6-route.o)
 .text.rm_routelist_callback
                0x0000000000008236        0x6 contiki-z1.a(uip-ds6-route.o)
 .text.uip_ds6_route_add
                0x000000000000823c       0xf8 contiki-z1.a(uip-ds6-route.o)
                0x000000000000823c                uip_ds6_route_add
 .text.uip_ds6_defrt_rm
                0x0000000000008334       0x44 contiki-z1.a(uip-ds6-route.o)
                0x0000000000008334                uip_ds6_defrt_rm
 .text.uip_ds6_defrt_lookup
                0x0000000000008378       0x32 contiki-z1.a(uip-ds6-route.o)
                0x0000000000008378                uip_ds6_defrt_lookup
 .text.uip_ds6_defrt_add
                0x00000000000083aa       0x68 contiki-z1.a(uip-ds6-route.o)
                0x00000000000083aa                uip_ds6_defrt_add
 .text.uip_ds6_defrt_choose
                0x0000000000008412       0x36 contiki-z1.a(uip-ds6-route.o)
                0x0000000000008412                uip_ds6_defrt_choose
 .text.uip_ds6_defrt_periodic
                0x0000000000008448       0x38 contiki-z1.a(uip-ds6-route.o)
                0x0000000000008448                uip_ds6_defrt_periodic
 .text.chksum   0x0000000000008480       0x32 contiki-z1.a(uip6.o)
 .text.upper_layer_chksum
                0x00000000000084b2       0x56 contiki-z1.a(uip6.o)
 .text.ext_hdr_options_process
                0x0000000000008508       0xcc contiki-z1.a(uip6.o)
 .text.uip_icmp6chksum
                0x00000000000085d4        0xa contiki-z1.a(uip6.o)
                0x00000000000085d4                uip_icmp6chksum
 .text.uip_udpchksum
                0x00000000000085de        0xa contiki-z1.a(uip6.o)
                0x00000000000085de                uip_udpchksum
 .text.uip_init
                0x00000000000085e8       0x36 contiki-z1.a(uip6.o)
                0x00000000000085e8                uip_init
 .text.remove_ext_hdr
                0x000000000000861e       0x56 contiki-z1.a(uip6.o)
                0x000000000000861e                remove_ext_hdr
 .text.uip_udp_new
                0x0000000000008674       0xc4 contiki-z1.a(uip6.o)
                0x0000000000008674                uip_udp_new
 .text.uip_process
                0x0000000000008738      0x496 contiki-z1.a(uip6.o)
                0x0000000000008738                uip_process
 .text.uip_htonl
                0x0000000000008bce       0x2a contiki-z1.a(uip6.o)
                0x0000000000008bce                uip_htonl
 .text.uip_ds6_nbr_rm
                0x0000000000008bf8       0x1a contiki-z1.a(uip-ds6-nbr.o)
                0x0000000000008bf8                uip_ds6_nbr_rm
 .text.uip_ds6_neighbors_init
                0x0000000000008c12        0xe contiki-z1.a(uip-ds6-nbr.o)
                0x0000000000008c12                uip_ds6_neighbors_init
 .text.uip_ds6_nbr_add
                0x0000000000008c20       0x54 contiki-z1.a(uip-ds6-nbr.o)
                0x0000000000008c20                uip_ds6_nbr_add
 .text.uip_ds6_nbr_get_ll
                0x0000000000008c74        0xc contiki-z1.a(uip-ds6-nbr.o)
                0x0000000000008c74                uip_ds6_nbr_get_ll
 .text.uip_ds6_nbr_lookup
                0x0000000000008c80       0x3e contiki-z1.a(uip-ds6-nbr.o)
                0x0000000000008c80                uip_ds6_nbr_lookup
 .text.uip_ds6_nbr_ll_lookup
                0x0000000000008cbe        0xc contiki-z1.a(uip-ds6-nbr.o)
                0x0000000000008cbe                uip_ds6_nbr_ll_lookup
 .text.uip_ds6_nbr_ipaddr_from_lladdr
                0x0000000000008cca        0x6 contiki-z1.a(uip-ds6-nbr.o)
                0x0000000000008cca                uip_ds6_nbr_ipaddr_from_lladdr
 .text.uip_ds6_nbr_lladdr_from_ipaddr
                0x0000000000008cd0       0x12 contiki-z1.a(uip-ds6-nbr.o)
                0x0000000000008cd0                uip_ds6_nbr_lladdr_from_ipaddr
 .text.uip_ds6_link_neighbor_callback
                0x0000000000008ce2       0x26 contiki-z1.a(uip-ds6-nbr.o)
                0x0000000000008ce2                uip_ds6_link_neighbor_callback
 .text.uip_ds6_neighbor_periodic
                0x0000000000008d08      0x11c contiki-z1.a(uip-ds6-nbr.o)
                0x0000000000008d08                uip_ds6_neighbor_periodic
 .text.na_input
                0x0000000000008e24      0x19c contiki-z1.a(uip-nd6.o)
 .text.create_llao
                0x0000000000008fc0       0x2c contiki-z1.a(uip-nd6.o)
 .text.ns_input
                0x0000000000008fec      0x228 contiki-z1.a(uip-nd6.o)
 .text.uip_nd6_ns_output
                0x0000000000009214      0x154 contiki-z1.a(uip-nd6.o)
                0x0000000000009214                uip_nd6_ns_output
 .text.uip_nd6_init
                0x0000000000009368       0x12 contiki-z1.a(uip-nd6.o)
                0x0000000000009368                uip_nd6_init
 .text.set_packet_attrs
                0x000000000000937a       0x44 contiki-z1.a(sicslowpan.o)
 .text.addr_context_lookup_by_number
                0x00000000000093be       0x34 contiki-z1.a(sicslowpan.o)
 .text.compress_addr_64
                0x00000000000093f2       0xaa contiki-z1.a(sicslowpan.o)
 .text.uncompress_addr
                0x000000000000949c       0x96 contiki-z1.a(sicslowpan.o)
 .text.input    0x0000000000009532      0x5f0 contiki-z1.a(sicslowpan.o)
 .text.sicslowpan_init
                0x0000000000009b22       0x26 contiki-z1.a(sicslowpan.o)
                0x0000000000009b22                sicslowpan_init
 .text.addr_context_lookup_by_prefix
                0x0000000000009b48       0x4a contiki-z1.a(sicslowpan.o)
 .text.send_packet
                0x0000000000009b92       0x1a contiki-z1.a(sicslowpan.o)
 .text.output   0x0000000000009bac      0x696 contiki-z1.a(sicslowpan.o)
 .text.packet_sent
                0x000000000000a242       0x22 contiki-z1.a(sicslowpan.o)
 .text.uip_debug_ipaddr_print
                0x000000000000a264       0x70 contiki-z1.a(uip-debug.o)
                0x000000000000a264                uip_debug_ipaddr_print
 .text.uip_udp_packet_send
                0x000000000000a2d4       0x2e contiki-z1.a(uip-udp-packet.)
                0x000000000000a2d4                uip_udp_packet_send
 .text.tcpip_output
                0x000000000000a302       0x10 contiki-z1.a(tcpip.o)
                0x000000000000a302                tcpip_output
 .text.tcpip_set_outputfunc
                0x000000000000a312        0x6 contiki-z1.a(tcpip.o)
                0x000000000000a312                tcpip_set_outputfunc
 .text.udp_new  0x000000000000a318       0x1a contiki-z1.a(tcpip.o)
                0x000000000000a318                udp_new
 .text.tcpip_input
                0x000000000000a332       0x16 contiki-z1.a(tcpip.o)
                0x000000000000a332                tcpip_input
 .text.tcpip_ipv6_output
                0x000000000000a348      0x144 contiki-z1.a(tcpip.o)
                0x000000000000a348                tcpip_ipv6_output
 .text.process_thread_tcpip_process
                0x000000000000a48c       0xcc contiki-z1.a(tcpip.o)
 .text.tcpip_uipcall
                0x000000000000a558       0x2a contiki-z1.a(tcpip.o)
                0x000000000000a558                tcpip_uipcall
 .text.lollipop_greater_than
                0x000000000000a582       0x44 contiki-z1.a(rpl-dag.o)
 .text.acceptable_rank
                0x000000000000a5c6       0x44 contiki-z1.a(rpl-dag.o)
 .text.find_parent_any_dag_any_instance
                0x000000000000a60a       0x14 contiki-z1.a(rpl-dag.o)
 .text.rpl_set_preferred_parent
                0x000000000000a61e       0x2c contiki-z1.a(rpl-dag.o)
 .text.set_ip_from_prefix
                0x000000000000a64a       0x30 contiki-z1.a(rpl-dag.o)
 .text.check_prefix
                0x000000000000a67a       0x70 contiki-z1.a(rpl-dag.o)
 .text.rpl_get_nbr
                0x000000000000a6ea       0x1e contiki-z1.a(rpl-dag.o)
                0x000000000000a6ea                rpl_get_nbr
 .text.rpl_dag_init
                0x000000000000a708        0xe contiki-z1.a(rpl-dag.o)
                0x000000000000a708                rpl_dag_init
 .text.rpl_get_parent
                0x000000000000a716        0xc contiki-z1.a(rpl-dag.o)
                0x000000000000a716                rpl_get_parent
 .text.rpl_get_parent_ipaddr
                0x000000000000a722       0x10 contiki-z1.a(rpl-dag.o)
                0x000000000000a722                rpl_get_parent_ipaddr
 .text.rpl_set_prefix
                0x000000000000a732       0x74 contiki-z1.a(rpl-dag.o)
                0x000000000000a732                rpl_set_prefix
 .text.rpl_set_default_route
                0x000000000000a7a6       0x56 contiki-z1.a(rpl-dag.o)
                0x000000000000a7a6                rpl_set_default_route
 .text.rpl_alloc_instance
                0x000000000000a7fc       0x34 contiki-z1.a(rpl-dag.o)
                0x000000000000a7fc                rpl_alloc_instance
 .text.rpl_add_parent
                0x000000000000a830       0x4e contiki-z1.a(rpl-dag.o)
                0x000000000000a830                rpl_add_parent
 .text.rpl_find_parent
                0x000000000000a87e       0x1a contiki-z1.a(rpl-dag.o)
                0x000000000000a87e                rpl_find_parent
 .text.rpl_find_parent_any_dag
                0x000000000000a898       0x22 contiki-z1.a(rpl-dag.o)
                0x000000000000a898                rpl_find_parent_any_dag
 .text.rpl_select_parent
                0x000000000000a8ba       0x76 contiki-z1.a(rpl-dag.o)
                0x000000000000a8ba                rpl_select_parent
 .text.rpl_select_dag
                0x000000000000a930      0x172 contiki-z1.a(rpl-dag.o)
                0x000000000000a930                rpl_select_dag
 .text.rpl_nullify_parent
                0x000000000000aaa2       0x50 contiki-z1.a(rpl-dag.o)
                0x000000000000aaa2                rpl_nullify_parent
 .text.rpl_remove_parent
                0x000000000000aaf2       0x16 contiki-z1.a(rpl-dag.o)
                0x000000000000aaf2                rpl_remove_parent
 .text.nbr_callback
                0x000000000000ab08        0x6 contiki-z1.a(rpl-dag.o)
 .text.remove_parents.constprop.2
                0x000000000000ab0e       0x2e contiki-z1.a(rpl-dag.o)
 .text.rpl_move_parent
                0x000000000000ab3c       0x52 contiki-z1.a(rpl-dag.o)
                0x000000000000ab3c                rpl_move_parent
 .text.rpl_get_any_dag
                0x000000000000ab8e       0x18 contiki-z1.a(rpl-dag.o)
                0x000000000000ab8e                rpl_get_any_dag
 .text.rpl_get_instance
                0x000000000000aba6       0x1a contiki-z1.a(rpl-dag.o)
                0x000000000000aba6                rpl_get_instance
 .text.rpl_alloc_dag
                0x000000000000abc0       0x5c contiki-z1.a(rpl-dag.o)
                0x000000000000abc0                rpl_alloc_dag
 .text.rpl_repair_root
                0x000000000000ac1c       0x50 contiki-z1.a(rpl-dag.o)
                0x000000000000ac1c                rpl_repair_root
 .text.rpl_find_of
                0x000000000000ac6c       0x10 contiki-z1.a(rpl-dag.o)
                0x000000000000ac6c                rpl_find_of
 .text.rpl_join_instance
                0x000000000000ac7c      0x128 contiki-z1.a(rpl-dag.o)
                0x000000000000ac7c                rpl_join_instance
 .text.rpl_local_repair
                0x000000000000ada4       0x64 contiki-z1.a(rpl-dag.o)
                0x000000000000ada4                rpl_local_repair
 .text.rpl_process_parent_event
                0x000000000000ae08       0x46 contiki-z1.a(rpl-dag.o)
                0x000000000000ae08                rpl_process_parent_event
 .text.rpl_recalculate_ranks
                0x000000000000ae4e       0x48 contiki-z1.a(rpl-dag.o)
                0x000000000000ae4e                rpl_recalculate_ranks
 .text.rpl_add_dag
                0x000000000000ae96      0x102 contiki-z1.a(rpl-dag.o)
                0x000000000000ae96                rpl_add_dag
 .text.rpl_process_dio
                0x000000000000af98      0x2ca contiki-z1.a(rpl-dag.o)
                0x000000000000af98                rpl_process_dio
 .text.rpl_lock_parent
                0x000000000000b262        0xc contiki-z1.a(rpl-dag.o)
                0x000000000000b262                rpl_lock_parent
 .text.new_dio_interval
                0x000000000000b26e       0x8a contiki-z1.a(rpl-timers.o)
 .text.handle_periodic_timer
                0x000000000000b2f8       0x2e contiki-z1.a(rpl-timers.o)
 .text.set_dao_lifetime_timer
                0x000000000000b326       0x52 contiki-z1.a(rpl-timers.o)
 .text.schedule_dao
                0x000000000000b378       0x72 contiki-z1.a(rpl-timers.o)
 .text.handle_dio_timer
                0x000000000000b3ea       0x88 contiki-z1.a(rpl-timers.o)
 .text.handle_dao_timer
                0x000000000000b472       0x64 contiki-z1.a(rpl-timers.o)
 .text.rpl_reset_periodic_timer
                0x000000000000b4d6       0x5c contiki-z1.a(rpl-timers.o)
                0x000000000000b4d6                rpl_reset_periodic_timer
 .text.rpl_reset_dio_timer
                0x000000000000b532       0x18 contiki-z1.a(rpl-timers.o)
                0x000000000000b532                rpl_reset_dio_timer
 .text.rpl_schedule_dao
                0x000000000000b54a        0xc contiki-z1.a(rpl-timers.o)
                0x000000000000b54a                rpl_schedule_dao
 .text.rpl_schedule_probing
                0x000000000000b556       0x34 contiki-z1.a(rpl-timers.o)
                0x000000000000b556                rpl_schedule_probing
 .text.handle_probing_timer
                0x000000000000b58a      0x10c contiki-z1.a(rpl-timers.o)
 .text.rpl_verify_header
                0x000000000000b696       0xb2 contiki-z1.a(rpl-ext-header.)
                0x000000000000b696                rpl_verify_header
 .text.rpl_update_header_empty
                0x000000000000b748      0x122 contiki-z1.a(rpl-ext-header.)
                0x000000000000b748                rpl_update_header_empty
 .text.rpl_update_header_final
                0x000000000000b86a       0x94 contiki-z1.a(rpl-ext-header.)
                0x000000000000b86a                rpl_update_header_final
 .text.rpl_invert_header
                0x000000000000b8fe       0x72 contiki-z1.a(rpl-ext-header.)
                0x000000000000b8fe                rpl_invert_header
 .text.rpl_insert_header
                0x000000000000b970       0x12 contiki-z1.a(rpl-ext-header.)
                0x000000000000b970                rpl_insert_header
 .text.rpl_get_mode
                0x000000000000b982        0x6 contiki-z1.a(rpl.o)
                0x000000000000b982                rpl_get_mode
 .text.rpl_purge_routes
                0x000000000000b988       0x96 contiki-z1.a(rpl.o)
                0x000000000000b988                rpl_purge_routes
 .text.rpl_remove_routes
                0x000000000000ba1e       0x22 contiki-z1.a(rpl.o)
                0x000000000000ba1e                rpl_remove_routes
 .text.rpl_remove_routes_by_nexthop
                0x000000000000ba40       0x3e contiki-z1.a(rpl.o)
                0x000000000000ba40                rpl_remove_routes_by_nexthop
 .text.rpl_add_route
                0x000000000000ba7e       0x40 contiki-z1.a(rpl.o)
                0x000000000000ba7e                rpl_add_route
 .text.rpl_link_neighbor_callback
                0x000000000000babe       0x74 contiki-z1.a(rpl.o)
                0x000000000000babe                rpl_link_neighbor_callback
 .text.rpl_ipv6_neighbor_callback
                0x000000000000bb32       0x1e contiki-z1.a(rpl.o)
                0x000000000000bb32                rpl_ipv6_neighbor_callback
 .text.rpl_init
                0x000000000000bb50       0x4a contiki-z1.a(rpl.o)
                0x000000000000bb50                rpl_init
 .text.reset    0x000000000000bb9a        0x2 contiki-z1.a(rpl-mrhof.o)
 .text.update_metric_container
                0x000000000000bb9c        0x6 contiki-z1.a(rpl-mrhof.o)
 .text.calculate_rank
                0x000000000000bba2       0x3a contiki-z1.a(rpl-mrhof.o)
 .text.best_parent
                0x000000000000bbdc       0x68 contiki-z1.a(rpl-mrhof.o)
 .text.neighbor_link_callback
                0x000000000000bc44       0x92 contiki-z1.a(rpl-mrhof.o)
 .text.best_dag
                0x000000000000bcd6       0x34 contiki-z1.a(rpl-mrhof.o)
 .text.queuebuf_init
                0x000000000000bd0a       0x12 contiki-z1.a(queuebuf.o)
                0x000000000000bd0a                queuebuf_init
 .text.queuebuf_numfree
                0x000000000000bd1c        0xa contiki-z1.a(queuebuf.o)
                0x000000000000bd1c                queuebuf_numfree
 .text.queuebuf_new_from_packetbuf
                0x000000000000bd26       0x4e contiki-z1.a(queuebuf.o)
                0x000000000000bd26                queuebuf_new_from_packetbuf
 .text.queuebuf_free
                0x000000000000bd74       0x2a contiki-z1.a(queuebuf.o)
                0x000000000000bd74                queuebuf_free
 .text.queuebuf_to_packetbuf
                0x000000000000bd9e       0x32 contiki-z1.a(queuebuf.o)
                0x000000000000bd9e                queuebuf_to_packetbuf
 .text.index_from_key
                0x000000000000bdd0       0x44 contiki-z1.a(nbr-table.o)
 .text.item_from_key
                0x000000000000be14       0x34 contiki-z1.a(nbr-table.o)
 .text.nbr_set_bit
                0x000000000000be48       0x76 contiki-z1.a(nbr-table.o)
 .text.index_from_lladdr
                0x000000000000bebe       0x3e contiki-z1.a(nbr-table.o)
 .text.nbr_get_bit.constprop.0
                0x000000000000befc       0x5a contiki-z1.a(nbr-table.o)
 .text.nbr_table_register
                0x000000000000bf56       0x26 contiki-z1.a(nbr-table.o)
                0x000000000000bf56                nbr_table_register
 .text.nbr_table_next
                0x000000000000bf7c       0x78 contiki-z1.a(nbr-table.o)
                0x000000000000bf7c                nbr_table_next
 .text.nbr_table_head
                0x000000000000bff4       0x32 contiki-z1.a(nbr-table.o)
                0x000000000000bff4                nbr_table_head
 .text.nbr_table_add_lladdr
                0x000000000000c026      0x12c contiki-z1.a(nbr-table.o)
                0x000000000000c026                nbr_table_add_lladdr
 .text.nbr_table_get_from_lladdr
                0x000000000000c152       0x44 contiki-z1.a(nbr-table.o)
                0x000000000000c152                nbr_table_get_from_lladdr
 .text.nbr_table_remove
                0x000000000000c196       0x2a contiki-z1.a(nbr-table.o)
                0x000000000000c196                nbr_table_remove
 .text.nbr_table_lock
                0x000000000000c1c0       0x10 contiki-z1.a(nbr-table.o)
                0x000000000000c1c0                nbr_table_lock
 .text.nbr_table_unlock
                0x000000000000c1d0       0x10 contiki-z1.a(nbr-table.o)
                0x000000000000c1d0                nbr_table_unlock
 .text.nbr_table_get_lladdr
                0x000000000000c1e0       0x54 contiki-z1.a(nbr-table.o)
                0x000000000000c1e0                nbr_table_get_lladdr
 .text.packetbuf_compact
                0x000000000000c234       0x2e contiki-z1.a(packetbuf.o)
                0x000000000000c234                packetbuf_compact
 .text.packetbuf_copyto
                0x000000000000c262       0x46 contiki-z1.a(packetbuf.o)
                0x000000000000c262                packetbuf_copyto
 .text.packetbuf_hdrreduce
                0x000000000000c2a8       0x1a contiki-z1.a(packetbuf.o)
                0x000000000000c2a8                packetbuf_hdrreduce
 .text.packetbuf_set_datalen
                0x000000000000c2c2        0x6 contiki-z1.a(packetbuf.o)
                0x000000000000c2c2                packetbuf_set_datalen
 .text.packetbuf_dataptr
                0x000000000000c2c8        0xe contiki-z1.a(packetbuf.o)
                0x000000000000c2c8                packetbuf_dataptr
 .text.packetbuf_hdrptr
                0x000000000000c2d6        0xa contiki-z1.a(packetbuf.o)
                0x000000000000c2d6                packetbuf_hdrptr
 .text.packetbuf_datalen
                0x000000000000c2e0        0x6 contiki-z1.a(packetbuf.o)
                0x000000000000c2e0                packetbuf_datalen
 .text.packetbuf_hdrlen
                0x000000000000c2e6       0x10 contiki-z1.a(packetbuf.o)
                0x000000000000c2e6                packetbuf_hdrlen
 .text.packetbuf_totlen
                0x000000000000c2f6        0xc contiki-z1.a(packetbuf.o)
                0x000000000000c2f6                packetbuf_totlen
 .text.packetbuf_hdralloc
                0x000000000000c302       0x2a contiki-z1.a(packetbuf.o)
                0x000000000000c302                packetbuf_hdralloc
 .text.packetbuf_attr_clear
                0x000000000000c32c       0x28 contiki-z1.a(packetbuf.o)
                0x000000000000c32c                packetbuf_attr_clear
 .text.packetbuf_clear
                0x000000000000c354       0x1a contiki-z1.a(packetbuf.o)
                0x000000000000c354                packetbuf_clear
 .text.packetbuf_copyfrom
                0x000000000000c36e       0x2a contiki-z1.a(packetbuf.o)
                0x000000000000c36e                packetbuf_copyfrom
 .text.packetbuf_attr_copyto
                0x000000000000c398       0x22 contiki-z1.a(packetbuf.o)
                0x000000000000c398                packetbuf_attr_copyto
 .text.packetbuf_attr_copyfrom
                0x000000000000c3ba       0x24 contiki-z1.a(packetbuf.o)
                0x000000000000c3ba                packetbuf_attr_copyfrom
 .text.packetbuf_holds_broadcast
                0x000000000000c3de        0xe contiki-z1.a(packetbuf.o)
                0x000000000000c3de                packetbuf_holds_broadcast
 .text.linkaddr_copy
                0x000000000000c3ec        0x8 contiki-z1.a(linkaddr.o)
                0x000000000000c3ec                linkaddr_copy
 .text.linkaddr_cmp
                0x000000000000c3f4       0x12 contiki-z1.a(linkaddr.o)
                0x000000000000c3f4                linkaddr_cmp
 .text.linkaddr_set_node_addr
                0x000000000000c406        0xc contiki-z1.a(linkaddr.o)
                0x000000000000c406                linkaddr_set_node_addr
 .text.send_packet
                0x000000000000c412        0x6 contiki-z1.a(nullmac.o)
 .text.packet_input
                0x000000000000c418        0x6 contiki-z1.a(nullmac.o)
 .text.on       0x000000000000c41e        0x6 contiki-z1.a(nullmac.o)
 .text.off      0x000000000000c424        0x6 contiki-z1.a(nullmac.o)
 .text.channel_check_interval
                0x000000000000c42a        0x4 contiki-z1.a(nullmac.o)
 .text.init     0x000000000000c42e        0x2 contiki-z1.a(nullmac.o)
 .text.on       0x000000000000c430        0x6 contiki-z1.a(nullrdc.o)
 .text.channel_check_interval
                0x000000000000c436        0x4 contiki-z1.a(nullrdc.o)
 .text.init     0x000000000000c43a        0x6 contiki-z1.a(nullrdc.o)
 .text.send_one_packet
                0x000000000000c440       0x62 contiki-z1.a(nullrdc.o)
 .text.send_list
                0x000000000000c4a2       0x28 contiki-z1.a(nullrdc.o)
 .text.send_packet
                0x000000000000c4ca        0x6 contiki-z1.a(nullrdc.o)
 .text.off      0x000000000000c4d0       0x10 contiki-z1.a(nullrdc.o)
 .text.packet_input
                0x000000000000c4e0       0x26 contiki-z1.a(nullrdc.o)
 .text.parse    0x000000000000c506       0xa0 contiki-z1.a(framer-802154.o)
 .text.create_frame.isra.0
                0x000000000000c5a6      0x104 contiki-z1.a(framer-802154.o)
 .text.create   0x000000000000c6aa        0x8 contiki-z1.a(framer-802154.o)
 .text.hdr_length
                0x000000000000c6b2        0x8 contiki-z1.a(framer-802154.o)
 .text.field_len
                0x000000000000c6ba       0x94 contiki-z1.a(frame802154.o)
 .text.frame802154_hdrlen
                0x000000000000c74e       0x2e contiki-z1.a(frame802154.o)
                0x000000000000c74e                frame802154_hdrlen
 .text.frame802154_create
                0x000000000000c77c      0x112 contiki-z1.a(frame802154.o)
                0x000000000000c77c                frame802154_create
 .text.frame802154_parse
                0x000000000000c88e      0x186 contiki-z1.a(frame802154.o)
                0x000000000000c88e                frame802154_parse
 .text.mac_call_sent_callback
                0x000000000000ca14       0x14 contiki-z1.a(mac.o)
                0x000000000000ca14                mac_call_sent_callback
 .text.framer_canonical_create_and_secure
                0x000000000000ca28       0x20 contiki-z1.a(framer.o)
                0x000000000000ca28                framer_canonical_create_and_secure
 .text.bootstrap
                0x000000000000ca48        0x4 contiki-z1.a(nullsec.o)
 .text.send     0x000000000000ca4c        0xa contiki-z1.a(nullsec.o)
 .text.on_frame_created
                0x000000000000ca56        0x4 contiki-z1.a(nullsec.o)
 .text.input    0x000000000000ca5a        0x6 contiki-z1.a(nullsec.o)
 .text.get_overhead
                0x000000000000ca60        0x4 contiki-z1.a(nullsec.o)
 .text.i2c_receiveinit
                0x000000000000ca64       0x38 contiki-z1.a(i2cmaster.o)
                0x000000000000ca64                i2c_receiveinit
 .text.i2c_transmitinit
                0x000000000000ca9c       0x32 contiki-z1.a(i2cmaster.o)
                0x000000000000ca9c                i2c_transmitinit
 .text.i2c_receive_n
                0x000000000000cace       0x44 contiki-z1.a(i2cmaster.o)
                0x000000000000cace                i2c_receive_n
 .text.i2c_busy
                0x000000000000cb12        0xa contiki-z1.a(i2cmaster.o)
                0x000000000000cb12                i2c_busy
 .text.i2c_enable
                0x000000000000cb1c       0x24 contiki-z1.a(i2cmaster.o)
                0x000000000000cb1c                i2c_enable
 .text.i2c_transmit_n
                0x000000000000cb40       0x14 contiki-z1.a(i2cmaster.o)
                0x000000000000cb40                i2c_transmit_n
 .text.i2c_tx_interrupt
                0x000000000000cb54       0x8a contiki-z1.a(i2cmaster.o)
                0x000000000000cb54                __isr_16
                0x000000000000cb54                i2c_tx_interrupt
 .text.i2c_rx_interrupt
                0x000000000000cbde       0x18 contiki-z1.a(i2cmaster.o)
                0x000000000000cbde                i2c_rx_interrupt
                0x000000000000cbde                __isr_17
 .text.stimer_set
                0x000000000000cbf6       0x1c contiki-z1.a(stimer.o)
                0x000000000000cbf6                stimer_set
 .text.stimer_expired
                0x000000000000cc12       0x30 contiki-z1.a(stimer.o)
                0x000000000000cc12                stimer_expired
 .text.echo_reply_input
                0x000000000000cc42      0x10a contiki-z1.a(uip-icmp6.o)
 .text.echo_request_input
                0x000000000000cd4c      0x128 contiki-z1.a(uip-icmp6.o)
 .text.uip_icmp6_input
                0x000000000000ce74       0x40 contiki-z1.a(uip-icmp6.o)
                0x000000000000ce74                uip_icmp6_input
 .text.uip_icmp6_register_input_handler
                0x000000000000ceb4        0xc contiki-z1.a(uip-icmp6.o)
                0x000000000000ceb4                uip_icmp6_register_input_handler
 .text.uip_icmp6_error_output
                0x000000000000cec0      0x166 contiki-z1.a(uip-icmp6.o)
                0x000000000000cec0                uip_icmp6_error_output
 .text.uip_icmp6_send
                0x000000000000d026       0x86 contiki-z1.a(uip-icmp6.o)
                0x000000000000d026                uip_icmp6_send
 .text.uip_icmp6_init
                0x000000000000d0ac       0x12 contiki-z1.a(uip-icmp6.o)
                0x000000000000d0ac                uip_icmp6_init
 .text.get32    0x000000000000d0be       0x3e contiki-z1.a(rpl-icmp6.o)
 .text.set32    0x000000000000d0fc       0x2a contiki-z1.a(rpl-icmp6.o)
 .text.get16    0x000000000000d126        0xe contiki-z1.a(rpl-icmp6.o)
 .text.set16    0x000000000000d134       0x10 contiki-z1.a(rpl-icmp6.o)
 .text.dao_ack_input
                0x000000000000d144        0x6 contiki-z1.a(rpl-icmp6.o)
 .text.dio_input
                0x000000000000d14a      0x2aa contiki-z1.a(rpl-icmp6.o)
 .text.dis_output
                0x000000000000d3f4       0x50 contiki-z1.a(rpl-icmp6.o)
                0x000000000000d3f4                dis_output
 .text.dio_output
                0x000000000000d444      0x242 contiki-z1.a(rpl-icmp6.o)
                0x000000000000d444                dio_output
 .text.dis_input
                0x000000000000d686       0x28 contiki-z1.a(rpl-icmp6.o)
 .text.dao_output_target
                0x000000000000d6ae       0xd2 contiki-z1.a(rpl-icmp6.o)
                0x000000000000d6ae                dao_output_target
 .text.dao_output
                0x000000000000d780       0x6a contiki-z1.a(rpl-icmp6.o)
                0x000000000000d780                dao_output
 .text.dao_ack_output
                0x000000000000d7ea       0x32 contiki-z1.a(rpl-icmp6.o)
                0x000000000000d7ea                dao_ack_output
 .text.dao_input
                0x000000000000d81c      0x286 contiki-z1.a(rpl-icmp6.o)
 .text.rpl_icmp6_register_handlers
                0x000000000000daa2       0x22 contiki-z1.a(rpl-icmp6.o)
                0x000000000000daa2                rpl_icmp6_register_handlers
 .text.libgcc   0x000000000000dac4       0x2a /usr/lib/gcc/msp430/4.6.3/mcpu-430x/mmpy-16/libgcc.a(_mulsi3.o)
                0x000000000000dac4                __mulsi3
 .text.libgcc   0x000000000000daee       0x22 /usr/lib/gcc/msp430/4.6.3/mcpu-430x/mmpy-16/libgcc.a(_udivmod16.o)
                0x000000000000daee                __udivhi3
                0x000000000000daee                __ext_udivmod16
                0x000000000000db08                __umodhi3
 .text.libgcc   0x000000000000db10       0x3a /usr/lib/gcc/msp430/4.6.3/mcpu-430x/mmpy-16/libgcc.a(_divmod16.o)
                0x000000000000db10                __ext_divmod16
                0x000000000000db10                __divhi3
                0x000000000000db42                __modhi3
 .text.libgcc   0x000000000000db4a       0x38 /usr/lib/gcc/msp430/4.6.3/mcpu-430x/mmpy-16/libgcc.a(_udivmod32.o)
                0x000000000000db4a                __udivsi3
                0x000000000000db4a                __ext_udivmod32
                0x000000000000db78                __umodsi3
 .text.libgcc   0x000000000000db82       0x4c /usr/lib/gcc/msp430/4.6.3/mcpu-430x/mmpy-16/libgcc.a(_divmod32.o)
                0x000000000000db82                __ext_divmod32
                0x000000000000db82                __divsi3
                0x000000000000dbc4                __modsi3
 .text          0x000000000000dbce       0x3c /usr/lib/gcc/msp430/4.6.3/mcpu-430x/mmpy-16/libgcc.a(_fixunssfsi.o)
                0x000000000000dbce                __fixunssfsi
 .text          0x000000000000dc0a      0x318 /usr/lib/gcc/msp430/4.6.3/mcpu-430x/mmpy-16/libgcc.a(_addsub_sf.o)
                0x000000000000de86                __addsf3
                0x000000000000ded2                __subsf3
 .text          0x000000000000df22      0x21e /usr/lib/gcc/msp430/4.6.3/mcpu-430x/mmpy-16/libgcc.a(_mul_sf.o)
                0x000000000000df22                __mulsf3
 .text          0x000000000000e140       0x50 /usr/lib/gcc/msp430/4.6.3/mcpu-430x/mmpy-16/libgcc.a(_ge_sf.o)
                0x000000000000e140                __gesf2
 .text          0x000000000000e190       0xa2 /usr/lib/gcc/msp430/4.6.3/mcpu-430x/mmpy-16/libgcc.a(_si_to_sf.o)
                0x000000000000e190                __floatsisf
 .text          0x000000000000e232       0x90 /usr/lib/gcc/msp430/4.6.3/mcpu-430x/mmpy-16/libgcc.a(_sf_to_si.o)
                0x000000000000e232                __fixsfsi
 .text          0x000000000000e2c2       0xe0 /usr/lib/gcc/msp430/4.6.3/mcpu-430x/mmpy-16/libgcc.a(_usi_to_sf.o)
                0x000000000000e2c2                __floatunsisf
 .text          0x000000000000e3a2       0x6a /usr/lib/gcc/msp430/4.6.3/mcpu-430x/mmpy-16/libgcc.a(_clzsi2.o)
                0x000000000000e3a2                __clzsi2
 .text          0x000000000000e40c      0x1c6 /usr/lib/gcc/msp430/4.6.3/mcpu-430x/mmpy-16/libgcc.a(_pack_sf.o)
                0x000000000000e40c                __pack_f
 .text          0x000000000000e5d2      0x10c /usr/lib/gcc/msp430/4.6.3/mcpu-430x/mmpy-16/libgcc.a(_unpack_sf.o)
                0x000000000000e5d2                __unpack_f
 .text          0x000000000000e6de       0xa4 /usr/lib/gcc/msp430/4.6.3/mcpu-430x/mmpy-16/libgcc.a(_fpcmp_parts_sf.o)
                0x000000000000e6de                __fpcmp_parts_f
 .text          0x000000000000e782       0x12 /usr/lib/gcc/msp430/4.6.3/../../../../msp430/lib/mcpu-430x/mmpy-16/libc.a(strchr.o)
                0x000000000000e782                strchr
 .text          0x000000000000e794       0x1c /usr/lib/gcc/msp430/4.6.3/../../../../msp430/lib/mcpu-430x/mmpy-16/libc.a(memchr.o)
                0x000000000000e794                memchr
 .text          0x000000000000e7b0       0x28 /usr/lib/gcc/msp430/4.6.3/../../../../msp430/lib/mcpu-430x/mmpy-16/libc.a(strncmp.o)
                0x000000000000e7b0                strncmp
 .text          0x000000000000e7d8       0x20 /usr/lib/gcc/msp430/4.6.3/../../../../msp430/lib/mcpu-430x/mmpy-16/libc.a(memcmp.o)
                0x000000000000e7d8                memcmp
 .text          0x000000000000e7f8       0xe4 /usr/lib/gcc/msp430/4.6.3/../../../../msp430/lib/mcpu-430x/mmpy-16/libc.a(memcpy.o)
                0x000000000000e7f8                memcpy
 .text          0x000000000000e8dc       0xe4 /usr/lib/gcc/msp430/4.6.3/../../../../msp430/lib/mcpu-430x/mmpy-16/libc.a(memmove.o)
                0x000000000000e8dc                memmove
 .text          0x000000000000e9c0       0x5c /usr/lib/gcc/msp430/4.6.3/../../../../msp430/lib/mcpu-430x/mmpy-16/libc.a(memset.o)
                0x000000000000e9c0                memset
 .text          0x000000000000ea1c       0x1e /usr/lib/gcc/msp430/4.6.3/../../../../msp430/lib/mcpu-430x/mmpy-16/libc.a(printf.o)
                0x000000000000ea1c                printf
                0x000000000000ea2c                vprintf
 .text          0x000000000000ea3a       0xb8 /usr/lib/gcc/msp430/4.6.3/../../../../msp430/lib/mcpu-430x/mmpy-16/libc.a(sprintf.o)
                0x000000000000ea94                sprintf
                0x000000000000eab0                snprintf
                0x000000000000eaca                vsprintf
                0x000000000000eae0                vsnprintf
 .text          0x000000000000eaf2      0x818 /usr/lib/gcc/msp430/4.6.3/../../../../msp430/lib/mcpu-430x/mmpy-16/libc.a(vuprintf.o)
                0x000000000000ec6e                vuprintf
 .text          0x000000000000f30a       0x2c /usr/lib/gcc/msp430/4.6.3/../../../../msp430/lib/mcpu-430x/mmpy-16/libc.a(puts.o)
                0x000000000000f30a                puts
 .text          0x000000000000f336       0x54 /usr/lib/gcc/msp430/4.6.3/../../../../msp430/lib/mcpu-430x/mmpy-16/libc.a(rand.o)
                0x000000000000f336                rand_r
                0x000000000000f35a                rand
                0x000000000000f380                srand
 .text.libgcc   0x000000000000f38a       0xbc /usr/lib/gcc/msp430/4.6.3/mcpu-430x/mmpy-16/libgcc.a(_udivmod64.o)
                0x000000000000f38a                __xabi_udivmod64
                0x000000000000f3dc                __udivdi3
                0x000000000000f3f6                __umoddi3
                0x000000000000f418                __udivmoddi4
 .text.crt0     0x000000000000f446        0x2 /usr/lib/gcc/msp430/4.6.3/mcpu-430x/mmpy-16/libcrt0.a(_unexpected_.o)
                0x000000000000f446                _unexpected_
                0x000000000000f448                . = ALIGN (0x2)

.rodata         0x000000000000f448      0x864
                0x000000000000f448                . = ALIGN (0x2)
 *(.rodata .rodata.* .gnu.linkonce.r.*)
 .rodata        0x000000000000f448       0xb0 er-example-client.co
                0x000000000000f4de                autostart_processes
 .rodata        0x000000000000f4f8      0x107 obj_z1/contiki-z1-main.o
 .rodata        0x000000000000f5ff       0x8a contiki-z1.a(er-coap.o)
 *fill*         0x000000000000f689        0x1 00
 .rodata        0x000000000000f68a       0xec contiki-z1.a(er-coap-engine.)
                0x000000000000f6e4                coap_rest_implementation
 .rodata        0x000000000000f776      0x10f contiki-z1.a(er-coap-transac)
 .rodata        0x000000000000f885       0x11 contiki-z1.a(er-coap-observe)
 .rodata        0x000000000000f896       0x19 contiki-z1.a(er-coap-res-wel)
 *fill*         0x000000000000f8af        0x1 00
 .rodata        0x000000000000f8b0      0x19a contiki-z1.a(er-cocoa.o)
 .rodata        0x000000000000fa4a       0x5a contiki-z1.a(cc2420.o)
                0x000000000000fa66                cc2420_aes_128_driver
                0x000000000000fa6a                cc2420_driver
 .rodata        0x000000000000faa4        0x8 contiki-z1.a(sensors.o)
 .rodata        0x000000000000faac       0x10 contiki-z1.a(button-sensor.o)
                0x000000000000fab4                button_sensor
 .rodata        0x000000000000fabc       0x16 contiki-z1.a(adxl345.o)
 .rodata        0x000000000000fad2        0xf contiki-z1.a(ctimer.o)
 .rodata        0x000000000000fae1        0xc contiki-z1.a(etimer.o)
 *fill*         0x000000000000faed        0x1 00
 .rodata        0x000000000000faee       0x24 contiki-z1.a(sicslowpan.o)
                0x000000000000fafa                sicslowpan_driver
                0x000000000000fb00                llprefix
                0x000000000000fb02                unc_mxconf
                0x000000000000fb06                unc_ctxconf
                0x000000000000fb0a                unc_llconf
 .rodata        0x000000000000fb12       0x29 contiki-z1.a(uip-debug.o)
 .rodata        0x000000000000fb3b        0xd contiki-z1.a(tcpip.o)
 .rodata        0x000000000000fb48        0x8 contiki-z1.a(linkaddr.o)
                0x000000000000fb48                linkaddr_null